******************************************************************************
                  MSP430 Linker PC v15.12.3                    
******************************************************************************
>> Linked Tue Mar 21 10:21:05 2017

OUTPUT FILE NAME:   <Slave.out>
ENTRY POINT SYMBOL: "_c_int00_noargs_noexit"  address: 0000fa5a


MEMORY CONFIGURATION

         name            origin    length      used     unused   attr    fill
----------------------  --------  ---------  --------  --------  ----  --------
  SFR                   00000000   00000010  00000000  00000010  RWIX
  PERIPHERALS_8BIT      00000010   000000f0  00000000  000000f0  RWIX
  PERIPHERALS_16BIT     00000100   00000100  00000000  00000100  RWIX
  RAM                   00000200   00000080  0000003a  00000046  RWIX
  INFOD                 00001000   00000040  00000000  00000040  RWIX
  INFOC                 00001040   00000040  00000000  00000040  RWIX
  INFOB                 00001080   00000040  00000000  00000040  RWIX
  INFOA                 000010c0   00000040  00000000  00000040  RWIX
  FLASH                 0000f800   000007e0  0000033a  000004a6  RWIX
  INT00                 0000ffe0   00000002  00000000  00000002  RWIX
  INT01                 0000ffe2   00000002  00000000  00000002  RWIX
  INT02                 0000ffe4   00000002  00000002  00000000  RWIX
  INT03                 0000ffe6   00000002  00000002  00000000  RWIX
  INT04                 0000ffe8   00000002  00000002  00000000  RWIX
  INT05                 0000ffea   00000002  00000002  00000000  RWIX
  INT06                 0000ffec   00000002  00000000  00000002  RWIX
  INT07                 0000ffee   00000002  00000000  00000002  RWIX
  INT08                 0000fff0   00000002  00000002  00000000  RWIX
  INT09                 0000fff2   00000002  00000002  00000000  RWIX
  INT10                 0000fff4   00000002  00000002  00000000  RWIX
  INT11                 0000fff6   00000002  00000000  00000002  RWIX
  INT12                 0000fff8   00000002  00000000  00000002  RWIX
  INT13                 0000fffa   00000002  00000000  00000002  RWIX
  INT14                 0000fffc   00000002  00000002  00000000  RWIX
  RESET                 0000fffe   00000002  00000002  00000000  RWIX


SECTION ALLOCATION MAP

 output                                  attributes/
section   page    origin      length       input sections
--------  ----  ----------  ----------   ----------------
.data      0    00000200    00000006     UNINITIALIZED
                  00000200    00000004     Timer.obj (.data)
                  00000204    00000002     SPI.obj (.data)

.bss       0    00000206    00000002     UNINITIALIZED
                  00000206    00000002     (.common:deplacement45Degres)

.stack     0    0000024c    00000032     UNINITIALIZED
                  0000024c    00000002     rts430_eabi.lib : boot.obj (.stack)
                  0000024e    00000030     --HOLE--

.text      0    0000f800    0000031e     
                  0000f800    0000006e     rts430_eabi.lib : autoinit.obj (.text:_auto_init)
                  0000f86e    00000064                     : copy_decompress_rle.obj (.text:__TI_decompress_rle_core)
                  0000f8d2    0000005a                     : cpy_tbl.obj (.text:copy_in)
                  0000f92c    00000050     ISR.obj (.text:USI_ISR)
                  0000f97c    00000046     main.obj (.text:main)
                  0000f9c2    0000003c     Timer.obj (.text:InitPWM)
                  0000f9fe    00000036     Timer.obj (.text:Deplacement45Degres)
                  0000fa34    00000026     GPIO.obj (.text:InitGPIO)
                  0000fa5a    0000001a     rts430_eabi.lib : boot_special.obj (.text:_c_int00_noargs_noexit)
                  0000fa74    00000016     SPI.obj (.text:InitSPI)
                  0000fa8a    00000014     SPI.obj (.text:ArreterCommunicationSPI)
                  0000fa9e    00000014     rts430_eabi.lib : mult16.obj (.text)
                  0000fab2    00000012                     : copy_decompress_none.obj (.text:decompress:none:__TI_decompress_none)
                  0000fac4    00000012                     : memcpy.obj (.text:memcpy)
                  0000fad6    00000010                     : epilog.obj (.text)
                  0000fae6    0000000c     SPI.obj (.text:RXSPI)
                  0000faf2    0000000c     SPI.obj (.text:TXSPI)
                  0000fafe    00000008     rts430_eabi.lib : isr_trap.obj (.text:_isr:__TI_ISR_TRAP)
                  0000fb06    00000006     SPI.obj (.text:ObtenirEtatCommunicationSPI)
                  0000fb0c    00000006     rts430_eabi.lib : exit.obj (.text:abort)
                  0000fb12    00000006                     : copy_decompress_rle.obj (.text:decompress:rle24:__TI_decompress_rle24)
                  0000fb18    00000004                     : pre_init.obj (.text:_system_pre_init)
                  0000fb1c    00000002                     : startup.obj (.text:_system_post_cinit)

.cinit     0    0000fb1e    0000001c     
                  0000fb1e    0000000a     (.cinit..data.load) [load image]
                  0000fb28    00000006     (.cinit..bss.load) [load image]
                  0000fb2e    00000004     (__TI_handler_table)
                  0000fb32    00000008     (__TI_cinit_table)

.binit     0    0000f800    00000000     

.init_array 
*          0    0000f800    00000000     UNINITIALIZED

PORT1      0    0000ffe4    00000002     
                  0000ffe4    00000002     rts430_eabi.lib : int02.obj (.int02)

PORT2      0    0000ffe6    00000002     
                  0000ffe6    00000002     rts430_eabi.lib : int03.obj (.int03)

USI        0    0000ffe8    00000002     
                  0000ffe8    00000002     ISR.obj (.int04)

ADC10      0    0000ffea    00000002     
                  0000ffea    00000002     rts430_eabi.lib : int05.obj (.int05)

TIMERA1    0    0000fff0    00000002     
                  0000fff0    00000002     rts430_eabi.lib : int08.obj (.int08)

TIMERA0    0    0000fff2    00000002     
                  0000fff2    00000002     rts430_eabi.lib : int09.obj (.int09)

WDT        0    0000fff4    00000002     
                  0000fff4    00000002     rts430_eabi.lib : int10.obj (.int10)

NMI        0    0000fffc    00000002     
                  0000fffc    00000002     rts430_eabi.lib : int14.obj (.int14)

.reset     0    0000fffe    00000002     
                  0000fffe    00000002     rts430_eabi.lib : boot.obj (.reset)

MODULE SUMMARY

       Module                     code   ro data   rw data
       ------                     ----   -------   -------
    .\
       Timer.obj                  114    0         6      
       ISR.obj                    80     2         0      
       SPI.obj                    72     0         2      
       main.obj                   70     0         0      
       GPIO.obj                   38     0         0      
    +--+--------------------------+------+---------+---------+
       Total:                     374    2         8      
                                                          
    C:\ti\ccsv6\tools\compiler\msp430_15.12.3.LTS\lib\rts430_eabi.lib
       autoinit.obj               110    0         0      
       copy_decompress_rle.obj    106    0         0      
       cpy_tbl.obj                90     0         0      
       boot_special.obj           26     0         0      
       mult16.obj                 20     0         0      
       copy_decompress_none.obj   18     0         0      
       memcpy.obj                 18     0         0      
       epilog.obj                 16     0         0      
       isr_trap.obj               8      0         0      
       exit.obj                   6      0         0      
       pre_init.obj               4      0         0      
       boot.obj                   0      2         0      
       int02.obj                  0      2         0      
       int03.obj                  0      2         0      
       int05.obj                  0      2         0      
       int08.obj                  0      2         0      
       int09.obj                  0      2         0      
       int10.obj                  0      2         0      
       int14.obj                  0      2         0      
       startup.obj                2      0         0      
    +--+--------------------------+------+---------+---------+
       Total:                     424    16        0      
                                                          
       Stack:                     0      0         50     
       Linker Generated:          0      28        0      
    +--+--------------------------+------+---------+---------+
       Grand Total:               798    46        58     


LINKER GENERATED COPY TABLES

__TI_cinit_table @ 0000fb32 records: 2, size/record: 4, table size: 8
	.data: load addr=0000fb1e, load size=0000000a bytes, run addr=00000200, run size=00000006 bytes, compression=copy
	.bss: load addr=0000fb28, load size=00000006 bytes, run addr=00000206, run size=00000002 bytes, compression=copy


LINKER GENERATED HANDLER TABLE

__TI_handler_table @ 0000fb2e records: 2, size/record: 2, table size: 4
	index: 0, handler: __TI_decompress_rle24
	index: 1, handler: __TI_decompress_none


GLOBAL SYMBOLS: SORTED ALPHABETICALLY BY Name 

address   name                       
-------   ----                       
0000004a  ADC10AE0                   
000001b0  ADC10CTL0                  
000001b2  ADC10CTL1                  
00000048  ADC10DTC0                  
00000049  ADC10DTC1                  
000001b4  ADC10MEM                   
000001bc  ADC10SA                    
0000fa8a  ArreterCommunicationSPI    
00000057  BCSCTL1                    
00000058  BCSCTL2                    
00000053  BCSCTL3                    
0000fb0c  C$$EXIT                    
000010ff  CALBC1_1MHZ                
000010fe  CALDCO_1MHZ                
00000056  DCOCTL                     
0000f9fe  Deplacement45Degres        
00000128  FCTL1                      
0000012a  FCTL2                      
0000012c  FCTL3                      
00000000  IE1                        
00000002  IFG1                       
0000fa34  InitGPIO                   
0000f9c2  InitPWM                    
0000fa74  InitSPI                    
0000fb06  ObtenirEtatCommunicationSPI
00000022  P1DIR                      
00000025  P1IE                       
00000024  P1IES                      
00000023  P1IFG                      
00000020  P1IN                       
00000021  P1OUT                      
00000027  P1REN                      
00000026  P1SEL                      
0000002a  P2DIR                      
0000002d  P2IE                       
0000002c  P2IES                      
0000002b  P2IFG                      
00000028  P2IN                       
00000029  P2OUT                      
0000002f  P2REN                      
0000002e  P2SEL                      
0000fae6  RXSPI                      
00000172  TACCR0                     
00000174  TACCR1                     
00000162  TACCTL0                    
00000164  TACCTL1                    
00000160  TACTL                      
0000012e  TAIV                       
00000170  TAR                        
0000faf2  TXSPI                      
0000007a  USICCTL                    
0000007a  USICKCTL                   
0000007b  USICNT                     
00000078  USICTL                     
00000078  USICTL0                    
00000079  USICTL1                    
0000007c  USISR                      
0000007d  USISRH                     
0000007c  USISRL                     
0000f92c  USI_ISR                    
00000120  WDTCTL                     
0000027e  __STACK_END                
00000032  __STACK_SIZE               
UNDEFED   __TI_BINIT_Base            
UNDEFED   __TI_BINIT_Limit           
0000fb32  __TI_CINIT_Base            
0000fb3a  __TI_CINIT_Limit           
0000fb2e  __TI_Handler_Table_Base    
0000fb32  __TI_Handler_Table_Limit   
UNDEFED   __TI_INITARRAY_Base        
UNDEFED   __TI_INITARRAY_Limit       
0000fafe  __TI_ISR_TRAP              
0000fab2  __TI_decompress_none       
0000fb12  __TI_decompress_rle24      
0000ffe4  __TI_int02                 
0000ffe6  __TI_int03                 
0000ffe8  __TI_int04                 
0000ffea  __TI_int05                 
0000fff0  __TI_int08                 
0000fff2  __TI_int09                 
0000fff4  __TI_int10                 
0000fffc  __TI_int14                 
ffffffff  __TI_pprof_out_hndl        
ffffffff  __TI_prof_data_size        
ffffffff  __TI_prof_data_start       
ffffffff  __c_args__                 
0000fae2  __mspabi_func_epilog_1     
0000fae0  __mspabi_func_epilog_2     
0000fade  __mspabi_func_epilog_3     
0000fadc  __mspabi_func_epilog_4     
0000fada  __mspabi_func_epilog_5     
0000fad8  __mspabi_func_epilog_6     
0000fad6  __mspabi_func_epilog_7     
0000fa9e  __mspabi_mpyi              
0000fa9e  __mspabi_mpyi_sw           
0000f800  _auto_init                 
0000fa5a  _c_int00_noargs_noexit     
0000fffe  _reset_vector              
0000024c  _stack                     
0000fb1c  _system_post_cinit         
0000fb18  _system_pre_init           
0000fb0c  abort                      
0000f8d2  copy_in                    
00000206  deplacement45Degres        
00000204  etatCommunication          
0000f97c  main                       
0000fac4  memcpy                     
00000200  position                   
00000202  sens                       


GLOBAL SYMBOLS: SORTED BY Symbol Address 

address   name                       
-------   ----                       
00000000  IE1                        
00000002  IFG1                       
00000020  P1IN                       
00000021  P1OUT                      
00000022  P1DIR                      
00000023  P1IFG                      
00000024  P1IES                      
00000025  P1IE                       
00000026  P1SEL                      
00000027  P1REN                      
00000028  P2IN                       
00000029  P2OUT                      
0000002a  P2DIR                      
0000002b  P2IFG                      
0000002c  P2IES                      
0000002d  P2IE                       
0000002e  P2SEL                      
0000002f  P2REN                      
00000032  __STACK_SIZE               
00000048  ADC10DTC0                  
00000049  ADC10DTC1                  
0000004a  ADC10AE0                   
00000053  BCSCTL3                    
00000056  DCOCTL                     
00000057  BCSCTL1                    
00000058  BCSCTL2                    
00000078  USICTL                     
00000078  USICTL0                    
00000079  USICTL1                    
0000007a  USICCTL                    
0000007a  USICKCTL                   
0000007b  USICNT                     
0000007c  USISR                      
0000007c  USISRL                     
0000007d  USISRH                     
00000120  WDTCTL                     
00000128  FCTL1                      
0000012a  FCTL2                      
0000012c  FCTL3                      
0000012e  TAIV                       
00000160  TACTL                      
00000162  TACCTL0                    
00000164  TACCTL1                    
00000170  TAR                        
00000172  TACCR0                     
00000174  TACCR1                     
000001b0  ADC10CTL0                  
000001b2  ADC10CTL1                  
000001b4  ADC10MEM                   
000001bc  ADC10SA                    
00000200  position                   
00000202  sens                       
00000204  etatCommunication          
00000206  deplacement45Degres        
0000024c  _stack                     
0000027e  __STACK_END                
000010fe  CALDCO_1MHZ                
000010ff  CALBC1_1MHZ                
0000f800  _auto_init                 
0000f8d2  copy_in                    
0000f92c  USI_ISR                    
0000f97c  main                       
0000f9c2  InitPWM                    
0000f9fe  Deplacement45Degres        
0000fa34  InitGPIO                   
0000fa5a  _c_int00_noargs_noexit     
0000fa74  InitSPI                    
0000fa8a  ArreterCommunicationSPI    
0000fa9e  __mspabi_mpyi              
0000fa9e  __mspabi_mpyi_sw           
0000fab2  __TI_decompress_none       
0000fac4  memcpy                     
0000fad6  __mspabi_func_epilog_7     
0000fad8  __mspabi_func_epilog_6     
0000fada  __mspabi_func_epilog_5     
0000fadc  __mspabi_func_epilog_4     
0000fade  __mspabi_func_epilog_3     
0000fae0  __mspabi_func_epilog_2     
0000fae2  __mspabi_func_epilog_1     
0000fae6  RXSPI                      
0000faf2  TXSPI                      
0000fafe  __TI_ISR_TRAP              
0000fb06  ObtenirEtatCommunicationSPI
0000fb0c  C$$EXIT                    
0000fb0c  abort                      
0000fb12  __TI_decompress_rle24      
0000fb18  _system_pre_init           
0000fb1c  _system_post_cinit         
0000fb2e  __TI_Handler_Table_Base    
0000fb32  __TI_CINIT_Base            
0000fb32  __TI_Handler_Table_Limit   
0000fb3a  __TI_CINIT_Limit           
0000ffe4  __TI_int02                 
0000ffe6  __TI_int03                 
0000ffe8  __TI_int04                 
0000ffea  __TI_int05                 
0000fff0  __TI_int08                 
0000fff2  __TI_int09                 
0000fff4  __TI_int10                 
0000fffc  __TI_int14                 
0000fffe  _reset_vector              
ffffffff  __TI_pprof_out_hndl        
ffffffff  __TI_prof_data_size        
ffffffff  __TI_prof_data_start       
ffffffff  __c_args__                 
UNDEFED   __TI_BINIT_Base            
UNDEFED   __TI_BINIT_Limit           
UNDEFED   __TI_INITARRAY_Base        
UNDEFED   __TI_INITARRAY_Limit       

[109 symbols]
