******************************************************************************
                  MSP430 Linker PC v15.12.3                    
******************************************************************************
>> Linked Tue Mar 21 09:43:57 2017

OUTPUT FILE NAME:   <Master.out>
ENTRY POINT SYMBOL: "_c_int00_noargs_noexit"  address: 0000d324


MEMORY CONFIGURATION

         name            origin    length      used     unused   attr    fill
----------------------  --------  ---------  --------  --------  ----  --------
  SFR                   00000000   00000010  00000000  00000010  RWIX
  PERIPHERALS_8BIT      00000010   000000f0  00000000  000000f0  RWIX
  PERIPHERALS_16BIT     00000100   00000100  00000000  00000100  RWIX
  RAM                   00000200   00000200  0000006a  00000196  RWIX
  INFOD                 00001000   00000040  00000000  00000040  RWIX
  INFOC                 00001040   00000040  00000000  00000040  RWIX
  INFOB                 00001080   00000040  00000000  00000040  RWIX
  INFOA                 000010c0   00000040  00000000  00000040  RWIX
  FLASH                 0000c000   00003fde  000018a2  0000273c  RWIX
  BSLSIGNATURE          0000ffde   00000002  00000002  00000000  RWIX  ffff 
  INT00                 0000ffe0   00000002  00000002  00000000  RWIX
  INT01                 0000ffe2   00000002  00000000  00000002  RWIX
  INT02                 0000ffe4   00000002  00000002  00000000  RWIX
  INT03                 0000ffe6   00000002  00000002  00000000  RWIX
  INT04                 0000ffe8   00000002  00000000  00000002  RWIX
  INT05                 0000ffea   00000002  00000002  00000000  RWIX
  INT06                 0000ffec   00000002  00000002  00000000  RWIX
  INT07                 0000ffee   00000002  00000002  00000000  RWIX
  INT08                 0000fff0   00000002  00000002  00000000  RWIX
  INT09                 0000fff2   00000002  00000002  00000000  RWIX
  INT10                 0000fff4   00000002  00000002  00000000  RWIX
  INT11                 0000fff6   00000002  00000002  00000000  RWIX
  INT12                 0000fff8   00000002  00000002  00000000  RWIX
  INT13                 0000fffa   00000002  00000002  00000000  RWIX
  INT14                 0000fffc   00000002  00000002  00000000  RWIX
  RESET                 0000fffe   00000002  00000002  00000000  RWIX


SECTION ALLOCATION MAP

 output                                  attributes/
section   page    origin      length       input sections
--------  ----  ----------  ----------   ----------------
.data      0    00000200    00000014     UNINITIALIZED
                  00000200    00000004     ISR.obj (.data)
                  00000204    00000004     Robot.obj (.data)
                  00000208    00000004     UART.obj (.data)
                  0000020c    00000004     rts430_eabi.lib : rand.obj (.data)
                  00000210    00000002                     : _lock.obj (.data:_lock)
                  00000212    00000002                     : _lock.obj (.data:_unlock)

.bss       0    00000214    00000006     UNINITIALIZED
                  00000214    00000004     (.common:frequenceRoues)
                  00000218    00000002     (.common:frequenceCliLED)

.stack     0    000003b0    00000050     UNINITIALIZED
                  000003b0    00000002     rts430_eabi.lib : boot.obj (.stack)
                  000003b2    0000004e     --HOLE--

.text      0    0000c000    0000145e     
                  0000c000    0000048e     rts430_eabi.lib : frcdivd.obj (.text:__TI_frcdivd)
                  0000c48e    00000238                     : divd.obj (.text:__mspabi_divd)
                  0000c6c6    00000132     ISR.obj (.text:USCI0RX_ISR)
                  0000c7f8    00000130     main.obj (.text:main)
                  0000c928    000000e0     Timer.obj (.text:ModifierFrequenceRoues)
                  0000ca08    0000008a     rts430_eabi.lib : fltuld.obj (.text:__mspabi_fltuld)
                  0000ca92    00000074                     : fixdul.obj (.text:__mspabi_fixdul)
                  0000cb06    0000006e                     : autoinit.obj (.text:_auto_init)
                  0000cb74    00000064                     : copy_decompress_rle.obj (.text:__TI_decompress_rle_core)
                  0000cbd8    00000062     GPIO.obj (.text:InitGPIO)
                  0000cc3a    00000062     SPI.obj (.text:TXSPI)
                  0000cc9c    0000005c     Robot.obj (.text:Avancer)
                  0000ccf8    0000005c     rts430_eabi.lib : lsr32.obj (.text:l_lsr_const)
                  0000cd54    0000005a                     : cpy_tbl.obj (.text:copy_in)
                  0000cdae    00000058                     : div32u.obj (.text)
                  0000ce06    00000054     Timer.obj (.text:DecrementerVitesseRoues)
                  0000ce5a    0000004c     rts430_eabi.lib : lsr16.obj (.text)
                  0000cea6    00000048     Timer.obj (.text:DefinirVitesseRoues)
                  0000ceee    00000044     Timer.obj (.text:DefinirFrequenceCliLED)
                  0000cf32    0000003e     Timer.obj (.text:InitPWM)
                  0000cf70    0000003e     Robot.obj (.text:TournerDroite)
                  0000cfae    0000003e     rts430_eabi.lib : asr32.obj (.text:l_asr_const)
                  0000cfec    0000003e                     : lsl32.obj (.text:l_lsl_const)
                  0000d02a    0000003a     Robot.obj (.text:Reculer)
                  0000d064    0000003a     Robot.obj (.text:TournerGauche)
                  0000d09e    00000038     rts430_eabi.lib : rand.obj (.text:rand)
                  0000d0d6    00000036     ISR.obj (.text:Timer0Interrupt)
                  0000d10c    00000034     Robot.obj (.text:Stop)
                  0000d140    00000032     UART.obj (.text:ArreterCommunicationUART)
                  0000d172    00000032     Timer.obj (.text:IncrementerVitesseRoues)
                  0000d1a4    00000030     UART.obj (.text:TXStringUART)
                  0000d1d4    0000002c     UART.obj (.text:InitUART)
                  0000d200    0000002c     rts430_eabi.lib : asr16.obj (.text)
                  0000d22c    0000002c                     : div16s.obj (.text)
                  0000d258    0000002c                     : lsl16.obj (.text)
                  0000d284    00000026                     : mult32.obj (.text)
                  0000d2aa    00000024     ADC.obj (.text:ObtenirResultatConversionADC)
                  0000d2ce    00000020     SPI.obj (.text:InitSPI)
                  0000d2ee    0000001c     main.obj (.text:GenererNombre)
                  0000d30a    0000001a     ADC.obj (.text:InitADC)
                  0000d324    0000001a     rts430_eabi.lib : boot_special.obj (.text:_c_int00_noargs_noexit)
                  0000d33e    00000016                     : div16u.obj (.text)
                  0000d354    00000014                     : mult16.obj (.text)
                  0000d368    00000012                     : fixdu.obj (.text:__mspabi_fixdu)
                  0000d37a    00000012                     : copy_decompress_none.obj (.text:decompress:none:__TI_decompress_none)
                  0000d38c    00000012                     : lsr32.obj (.text:l_lsr)
                  0000d39e    00000012                     : memcpy.obj (.text:memcpy)
                  0000d3b0    00000010     GPIO.obj (.text:ActiverGPIOPort1)
                  0000d3c0    00000010     GPIO.obj (.text:ActiverGPIOPort2)
                  0000d3d0    00000010     GPIO.obj (.text:ObtenirEtatGPIOPort1)
                  0000d3e0    00000010     rts430_eabi.lib : epilog.obj (.text)
                  0000d3f0    0000000c     UART.obj (.text:TXCharUART)
                  0000d3fc    0000000a     Robot.obj (.text:ArretUrgence)
                  0000d406    00000008     rts430_eabi.lib : isr_trap.obj (.text:_isr:__TI_ISR_TRAP)
                  0000d40e    00000006     SPI.obj (.text:ArreterCommunicationSPI)
                  0000d414    00000006     Robot.obj (.text:DefinirModeRobot)
                  0000d41a    00000006     UART.obj (.text:DefinirReceptionUART)
                  0000d420    00000006     UART.obj (.text:ObtenirEtatCommunicationUART)
                  0000d426    00000006     Robot.obj (.text:ObtenirEtatRobot)
                  0000d42c    00000006     Timer.obj (.text:ObtenirFrequenceCliLED)
                  0000d432    00000006     Robot.obj (.text:ObtenirModeRobot)
                  0000d438    00000006     UART.obj (.text:ObtenirReceptionUART)
                  0000d43e    00000006     ISR.obj (.text:Timer1Interrupt)
                  0000d444    00000006     rts430_eabi.lib : fltud.obj (.text:__mspabi_fltud)
                  0000d44a    00000006                     : exit.obj (.text:abort)
                  0000d450    00000006                     : copy_decompress_rle.obj (.text:decompress:rle24:__TI_decompress_rle24)
                  0000d456    00000004                     : pre_init.obj (.text:_system_pre_init)
                  0000d45a    00000002                     : _lock.obj (.text:_nop)
                  0000d45c    00000002                     : startup.obj (.text:_system_post_cinit)

.binit     0    0000c000    00000000     

.const     0    0000d45e    00000416     
                  0000d45e    00000236     ISR.obj (.const:.string)
                  0000d694    000000c2     main.obj (.const:.string)
                  0000d756    000000aa     Timer.obj (.const:.string)
                  0000d800    00000068     Robot.obj (.const:.string)
                  0000d868    00000004     ADC.obj (.const:.string)
                  0000d86c    00000004     GPIO.obj (.const:.string)
                  0000d870    00000004     SPI.obj (.const:.string)

.cinit     0    0000d874    0000002e     
                  0000d874    00000017     (.cinit..data.load) [load image, compression = rle]
                  0000d88b    00000001     --HOLE-- [fill = 0]
                  0000d88c    00000009     (.cinit..bss.load) [load image, compression = rle]
                  0000d895    00000001     --HOLE-- [fill = 0]
                  0000d896    00000004     (__TI_handler_table)
                  0000d89a    00000008     (__TI_cinit_table)

.init_array 
*          0    0000c000    00000000     UNINITIALIZED

TRAPINT    0    0000ffe0    00000002     
                  0000ffe0    00000002     rts430_eabi.lib : int00.obj (.int00)

PORT1      0    0000ffe4    00000002     
                  0000ffe4    00000002     rts430_eabi.lib : int02.obj (.int02)

PORT2      0    0000ffe6    00000002     
                  0000ffe6    00000002     rts430_eabi.lib : int03.obj (.int03)

$fill000   0    0000ffde    00000002     
                  0000ffde    00000002     --HOLE-- [fill = ffff]

ADC10      0    0000ffea    00000002     
                  0000ffea    00000002     rts430_eabi.lib : int05.obj (.int05)

USCIAB0TX 
*          0    0000ffec    00000002     
                  0000ffec    00000002     rts430_eabi.lib : int06.obj (.int06)

USCIAB0RX 
*          0    0000ffee    00000002     
                  0000ffee    00000002     ISR.obj (.int07)

TIMER0_A1 
*          0    0000fff0    00000002     
                  0000fff0    00000002     ISR.obj (.int08)

TIMER0_A0 
*          0    0000fff2    00000002     
                  0000fff2    00000002     rts430_eabi.lib : int09.obj (.int09)

WDT        0    0000fff4    00000002     
                  0000fff4    00000002     rts430_eabi.lib : int10.obj (.int10)

COMPARATORA 
*          0    0000fff6    00000002     
                  0000fff6    00000002     rts430_eabi.lib : int11.obj (.int11)

TIMER1_A1 
*          0    0000fff8    00000002     
                  0000fff8    00000002     ISR.obj (.int12)

TIMER1_A0 
*          0    0000fffa    00000002     
                  0000fffa    00000002     rts430_eabi.lib : int13.obj (.int13)

NMI        0    0000fffc    00000002     
                  0000fffc    00000002     rts430_eabi.lib : int14.obj (.int14)

.reset     0    0000fffe    00000002     
                  0000fffe    00000002     rts430_eabi.lib : boot.obj (.reset)

MODULE SUMMARY

       Module                     code   ro data   rw data
       ------                     ----   -------   -------
    .\
       ISR.obj                    366    572       4      
       Timer.obj                  566    170       6      
       main.obj                   332    194       0      
       Robot.obj                  350    104       4      
       UART.obj                   172    0         4      
       GPIO.obj                   146    4         0      
       SPI.obj                    136    4         0      
       ADC.obj                    62     4         0      
    +--+--------------------------+------+---------+---------+
       Total:                     2130   1052      18     
                                                          
    C:\ti\ccsv6\tools\compiler\msp430_15.12.3.LTS\lib\rts430_eabi.lib
       frcdivd.obj                1166   0         0      
       divd.obj                   568    0         0      
       fltuld.obj                 138    0         0      
       fixdul.obj                 116    0         0      
       autoinit.obj               110    0         0      
       lsr32.obj                  110    0         0      
       copy_decompress_rle.obj    106    0         0      
       cpy_tbl.obj                90     0         0      
       div32u.obj                 88     0         0      
       lsr16.obj                  76     0         0      
       asr32.obj                  62     0         0      
       lsl32.obj                  62     0         0      
       rand.obj                   56     0         4      
       asr16.obj                  44     0         0      
       div16s.obj                 44     0         0      
       lsl16.obj                  44     0         0      
       mult32.obj                 38     0         0      
       boot_special.obj           26     0         0      
       div16u.obj                 22     0         0      
       mult16.obj                 20     0         0      
       copy_decompress_none.obj   18     0         0      
       fixdu.obj                  18     0         0      
       memcpy.obj                 18     0         0      
       epilog.obj                 16     0         0      
       isr_trap.obj               8      0         0      
       _lock.obj                  2      0         4      
       exit.obj                   6      0         0      
       fltud.obj                  6      0         0      
       pre_init.obj               4      0         0      
       boot.obj                   0      2         0      
       int00.obj                  0      2         0      
       int02.obj                  0      2         0      
       int03.obj                  0      2         0      
       int05.obj                  0      2         0      
       int06.obj                  0      2         0      
       int09.obj                  0      2         0      
       int10.obj                  0      2         0      
       int11.obj                  0      2         0      
       int13.obj                  0      2         0      
       int14.obj                  0      2         0      
       startup.obj                2      0         0      
    +--+--------------------------+------+---------+---------+
       Total:                     3084   22        8      
                                                          
       Stack:                     0      0         80     
       Linker Generated:          0      44        0      
    +--+--------------------------+------+---------+---------+
       Grand Total:               5214   1118      106    


LINKER GENERATED COPY TABLES

__TI_cinit_table @ 0000d89a records: 2, size/record: 4, table size: 8
	.data: load addr=0000d874, load size=00000017 bytes, run addr=00000200, run size=00000014 bytes, compression=rle
	.bss: load addr=0000d88c, load size=00000009 bytes, run addr=00000214, run size=00000006 bytes, compression=rle


LINKER GENERATED HANDLER TABLE

__TI_handler_table @ 0000d896 records: 2, size/record: 2, table size: 4
	index: 0, handler: __TI_decompress_rle24
	index: 1, handler: __TI_decompress_none


GLOBAL SYMBOLS: SORTED ALPHABETICALLY BY Name 

address   name                        
-------   ----                        
0000004a  ADC10AE0                    
000001b0  ADC10CTL0                   
000001b2  ADC10CTL1                   
00000048  ADC10DTC0                   
00000049  ADC10DTC1                   
000001b4  ADC10MEM                    
000001bc  ADC10SA                     
0000d3b0  ActiverGPIOPort1            
0000d3c0  ActiverGPIOPort2            
0000d3fc  ArretUrgence                
0000d40e  ArreterCommunicationSPI     
0000d140  ArreterCommunicationUART    
0000cc9c  Avancer                     
00000057  BCSCTL1                     
00000058  BCSCTL2                     
00000053  BCSCTL3                     
0000d44a  C$$EXIT                     
00000059  CACTL1                      
0000005a  CACTL2                      
000010fb  CALBC1_12MHZ                
000010f9  CALBC1_16MHZ                
000010ff  CALBC1_1MHZ                 
000010fd  CALBC1_8MHZ                 
000010fa  CALDCO_12MHZ                
000010f8  CALDCO_16MHZ                
000010fe  CALDCO_1MHZ                 
000010fc  CALDCO_8MHZ                 
0000005b  CAPD                        
00000056  DCOCTL                      
0000ce06  DecrementerVitesseRoues     
0000ceee  DefinirFrequenceCliLED      
0000d414  DefinirModeRobot            
0000d41a  DefinirReceptionUART        
0000cea6  DefinirVitesseRoues         
00000128  FCTL1                       
0000012a  FCTL2                       
0000012c  FCTL3                       
0000d2ee  GenererNombre               
00000000  IE1                         
00000001  IE2                         
00000002  IFG1                        
00000003  IFG2                        
0000d172  IncrementerVitesseRoues     
0000d30a  InitADC                     
0000cbd8  InitGPIO                    
0000cf32  InitPWM                     
0000d2ce  InitSPI                     
0000d1d4  InitUART                    
0000c928  ModifierFrequenceRoues      
0000d420  ObtenirEtatCommunicationUART
0000d3d0  ObtenirEtatGPIOPort1        
0000d426  ObtenirEtatRobot            
0000d42c  ObtenirFrequenceCliLED      
0000d432  ObtenirModeRobot            
0000d438  ObtenirReceptionUART        
0000d2aa  ObtenirResultatConversionADC
00000022  P1DIR                       
00000025  P1IE                        
00000024  P1IES                       
00000023  P1IFG                       
00000020  P1IN                        
00000021  P1OUT                       
00000027  P1REN                       
00000026  P1SEL                       
00000041  P1SEL2                      
0000002a  P2DIR                       
0000002d  P2IE                        
0000002c  P2IES                       
0000002b  P2IFG                       
00000028  P2IN                        
00000029  P2OUT                       
0000002f  P2REN                       
0000002e  P2SEL                       
00000042  P2SEL2                      
0000001a  P3DIR                       
00000018  P3IN                        
00000019  P3OUT                       
00000010  P3REN                       
0000001b  P3SEL                       
00000043  P3SEL2                      
0000d02a  Reculer                     
0000d10c  Stop                        
00000172  TA0CCR0                     
00000174  TA0CCR1                     
00000176  TA0CCR2                     
00000162  TA0CCTL0                    
00000164  TA0CCTL1                    
00000166  TA0CCTL2                    
00000160  TA0CTL                      
0000012e  TA0IV                       
00000170  TA0R                        
00000192  TA1CCR0                     
00000194  TA1CCR1                     
00000196  TA1CCR2                     
00000182  TA1CCTL0                    
00000184  TA1CCTL1                    
00000186  TA1CCTL2                    
00000180  TA1CTL                      
0000011e  TA1IV                       
00000190  TA1R                        
000010db  TLV_ADC10_1_LEN             
000010da  TLV_ADC10_1_TAG             
000010c0  TLV_CHECKSUM                
000010f7  TLV_DCO_30_LEN              
000010f6  TLV_DCO_30_TAG              
0000d3f0  TXCharUART                  
0000cc3a  TXSPI                       
0000d1a4  TXStringUART                
0000d0d6  Timer0Interrupt             
0000d43e  Timer1Interrupt             
0000cf70  TournerDroite               
0000d064  TournerGauche               
0000005d  UCA0ABCTL                   
00000062  UCA0BR0                     
00000063  UCA0BR1                     
00000060  UCA0CTL0                    
00000061  UCA0CTL1                    
0000005f  UCA0IRRCTL                  
0000005e  UCA0IRTCTL                  
00000064  UCA0MCTL                    
00000066  UCA0RXBUF                   
00000065  UCA0STAT                    
00000067  UCA0TXBUF                   
0000006a  UCB0BR0                     
0000006b  UCB0BR1                     
00000068  UCB0CTL0                    
00000069  UCB0CTL1                    
0000006c  UCB0I2CIE                   
00000118  UCB0I2COA                   
0000011a  UCB0I2CSA                   
0000006e  UCB0RXBUF                   
0000006d  UCB0STAT                    
0000006f  UCB0TXBUF                   
0000c6c6  USCI0RX_ISR                 
00000120  WDTCTL                      
00000400  __STACK_END                 
00000050  __STACK_SIZE                
UNDEFED   __TI_BINIT_Base             
UNDEFED   __TI_BINIT_Limit            
0000d89a  __TI_CINIT_Base             
0000d8a2  __TI_CINIT_Limit            
0000d896  __TI_Handler_Table_Base     
0000d89a  __TI_Handler_Table_Limit    
UNDEFED   __TI_INITARRAY_Base         
UNDEFED   __TI_INITARRAY_Limit        
0000d406  __TI_ISR_TRAP               
0000d37a  __TI_decompress_none        
0000d450  __TI_decompress_rle24       
0000c000  __TI_frcdivd                
0000ffe0  __TI_int00                  
0000ffe4  __TI_int02                  
0000ffe6  __TI_int03                  
0000ffea  __TI_int05                  
0000ffec  __TI_int06                  
0000ffee  __TI_int07                  
0000fff0  __TI_int08                  
0000fff2  __TI_int09                  
0000fff4  __TI_int10                  
0000fff6  __TI_int11                  
0000fff8  __TI_int12                  
0000fffa  __TI_int13                  
0000fffc  __TI_int14                  
ffffffff  __TI_pprof_out_hndl         
ffffffff  __TI_prof_data_size         
ffffffff  __TI_prof_data_start        
ffffffff  __c_args__                  
0000c48e  __mspabi_divd               
0000d22c  __mspabi_divi               
0000d33e  __mspabi_divu               
0000cdae  __mspabi_divul              
0000d368  __mspabi_fixdu              
0000ca92  __mspabi_fixdul             
0000d444  __mspabi_fltud              
0000ca08  __mspabi_fltuld             
0000d3ec  __mspabi_func_epilog_1      
0000d3ea  __mspabi_func_epilog_2      
0000d3e8  __mspabi_func_epilog_3      
0000d3e6  __mspabi_func_epilog_4      
0000d3e4  __mspabi_func_epilog_5      
0000d3e2  __mspabi_func_epilog_6      
0000d3e0  __mspabi_func_epilog_7      
0000d354  __mspabi_mpyi               
0000d354  __mspabi_mpyi_sw            
0000d284  __mspabi_mpyl               
0000d284  __mspabi_mpyl_sw            
0000d22c  __mspabi_remi               
0000d33e  __mspabi_remu               
0000cdae  __mspabi_remul              
0000d258  __mspabi_slli               
0000d280  __mspabi_slli_1             
0000d26e  __mspabi_slli_10            
0000d26c  __mspabi_slli_11            
0000d26a  __mspabi_slli_12            
0000d268  __mspabi_slli_13            
0000d266  __mspabi_slli_14            
0000d264  __mspabi_slli_15            
0000d27e  __mspabi_slli_2             
0000d27c  __mspabi_slli_3             
0000d27a  __mspabi_slli_4             
0000d278  __mspabi_slli_5             
0000d276  __mspabi_slli_6             
0000d274  __mspabi_slli_7             
0000d272  __mspabi_slli_8             
0000d270  __mspabi_slli_9             
0000d024  __mspabi_slll_1             
0000d000  __mspabi_slll_10            
0000cffc  __mspabi_slll_11            
0000cff8  __mspabi_slll_12            
0000cff4  __mspabi_slll_13            
0000cff0  __mspabi_slll_14            
0000cfec  __mspabi_slll_15            
0000d020  __mspabi_slll_2             
0000d01c  __mspabi_slll_3             
0000d018  __mspabi_slll_4             
0000d014  __mspabi_slll_5             
0000d010  __mspabi_slll_6             
0000d00c  __mspabi_slll_7             
0000d008  __mspabi_slll_8             
0000d004  __mspabi_slll_9             
0000d200  __mspabi_srai               
0000d228  __mspabi_srai_1             
0000d216  __mspabi_srai_10            
0000d214  __mspabi_srai_11            
0000d212  __mspabi_srai_12            
0000d210  __mspabi_srai_13            
0000d20e  __mspabi_srai_14            
0000d20c  __mspabi_srai_15            
0000d226  __mspabi_srai_2             
0000d224  __mspabi_srai_3             
0000d222  __mspabi_srai_4             
0000d220  __mspabi_srai_5             
0000d21e  __mspabi_srai_6             
0000d21c  __mspabi_srai_7             
0000d21a  __mspabi_srai_8             
0000d218  __mspabi_srai_9             
0000cfe6  __mspabi_sral_1             
0000cfc2  __mspabi_sral_10            
0000cfbe  __mspabi_sral_11            
0000cfba  __mspabi_sral_12            
0000cfb6  __mspabi_sral_13            
0000cfb2  __mspabi_sral_14            
0000cfae  __mspabi_sral_15            
0000cfe2  __mspabi_sral_2             
0000cfde  __mspabi_sral_3             
0000cfda  __mspabi_sral_4             
0000cfd6  __mspabi_sral_5             
0000cfd2  __mspabi_sral_6             
0000cfce  __mspabi_sral_7             
0000cfca  __mspabi_sral_8             
0000cfc6  __mspabi_sral_9             
0000ce5a  __mspabi_srli               
0000cea0  __mspabi_srli_1             
0000ce7c  __mspabi_srli_10            
0000ce78  __mspabi_srli_11            
0000ce74  __mspabi_srli_12            
0000ce70  __mspabi_srli_13            
0000ce6c  __mspabi_srli_14            
0000ce68  __mspabi_srli_15            
0000ce9c  __mspabi_srli_2             
0000ce98  __mspabi_srli_3             
0000ce94  __mspabi_srli_4             
0000ce90  __mspabi_srli_5             
0000ce8c  __mspabi_srli_6             
0000ce88  __mspabi_srli_7             
0000ce84  __mspabi_srli_8             
0000ce80  __mspabi_srli_9             
0000d38c  __mspabi_srll               
0000cd4c  __mspabi_srll_1             
0000cd16  __mspabi_srll_10            
0000cd10  __mspabi_srll_11            
0000cd0a  __mspabi_srll_12            
0000cd04  __mspabi_srll_13            
0000ccfe  __mspabi_srll_14            
0000ccf8  __mspabi_srll_15            
0000cd46  __mspabi_srll_2             
0000cd40  __mspabi_srll_3             
0000cd3a  __mspabi_srll_4             
0000cd34  __mspabi_srll_5             
0000cd2e  __mspabi_srll_6             
0000cd28  __mspabi_srll_7             
0000cd22  __mspabi_srll_8             
0000cd1c  __mspabi_srll_9             
0000cb06  _auto_init                  
0000d324  _c_int00_noargs_noexit      
00000210  _lock                       
0000d45a  _nop                        
0000fffe  _reset_vector               
000003b0  _stack                      
0000d45c  _system_post_cinit          
0000d456  _system_pre_init            
00000212  _unlock                     
0000d44a  abort                       
0000cd54  copy_in                     
0000020a  etatCommunication           
00000204  etatRobot                   
00000218  frequenceCliLED             
00000214  frequenceRoues              
0000c7f8  main                        
0000d39e  memcpy                      
00000200  menu                        
00000206  messageEnvoye               
00000205  modeRobot                   
00000202  nbIncrementRoueA            
00000203  nbIncrementRoueB            
0000d09e  rand                        
00000208  reception                   


GLOBAL SYMBOLS: SORTED BY Symbol Address 

address   name                        
-------   ----                        
00000000  IE1                         
00000001  IE2                         
00000002  IFG1                        
00000003  IFG2                        
00000010  P3REN                       
00000018  P3IN                        
00000019  P3OUT                       
0000001a  P3DIR                       
0000001b  P3SEL                       
00000020  P1IN                        
00000021  P1OUT                       
00000022  P1DIR                       
00000023  P1IFG                       
00000024  P1IES                       
00000025  P1IE                        
00000026  P1SEL                       
00000027  P1REN                       
00000028  P2IN                        
00000029  P2OUT                       
0000002a  P2DIR                       
0000002b  P2IFG                       
0000002c  P2IES                       
0000002d  P2IE                        
0000002e  P2SEL                       
0000002f  P2REN                       
00000041  P1SEL2                      
00000042  P2SEL2                      
00000043  P3SEL2                      
00000048  ADC10DTC0                   
00000049  ADC10DTC1                   
0000004a  ADC10AE0                    
00000050  __STACK_SIZE                
00000053  BCSCTL3                     
00000056  DCOCTL                      
00000057  BCSCTL1                     
00000058  BCSCTL2                     
00000059  CACTL1                      
0000005a  CACTL2                      
0000005b  CAPD                        
0000005d  UCA0ABCTL                   
0000005e  UCA0IRTCTL                  
0000005f  UCA0IRRCTL                  
00000060  UCA0CTL0                    
00000061  UCA0CTL1                    
00000062  UCA0BR0                     
00000063  UCA0BR1                     
00000064  UCA0MCTL                    
00000065  UCA0STAT                    
00000066  UCA0RXBUF                   
00000067  UCA0TXBUF                   
00000068  UCB0CTL0                    
00000069  UCB0CTL1                    
0000006a  UCB0BR0                     
0000006b  UCB0BR1                     
0000006c  UCB0I2CIE                   
0000006d  UCB0STAT                    
0000006e  UCB0RXBUF                   
0000006f  UCB0TXBUF                   
00000118  UCB0I2COA                   
0000011a  UCB0I2CSA                   
0000011e  TA1IV                       
00000120  WDTCTL                      
00000128  FCTL1                       
0000012a  FCTL2                       
0000012c  FCTL3                       
0000012e  TA0IV                       
00000160  TA0CTL                      
00000162  TA0CCTL0                    
00000164  TA0CCTL1                    
00000166  TA0CCTL2                    
00000170  TA0R                        
00000172  TA0CCR0                     
00000174  TA0CCR1                     
00000176  TA0CCR2                     
00000180  TA1CTL                      
00000182  TA1CCTL0                    
00000184  TA1CCTL1                    
00000186  TA1CCTL2                    
00000190  TA1R                        
00000192  TA1CCR0                     
00000194  TA1CCR1                     
00000196  TA1CCR2                     
000001b0  ADC10CTL0                   
000001b2  ADC10CTL1                   
000001b4  ADC10MEM                    
000001bc  ADC10SA                     
00000200  menu                        
00000202  nbIncrementRoueA            
00000203  nbIncrementRoueB            
00000204  etatRobot                   
00000205  modeRobot                   
00000206  messageEnvoye               
00000208  reception                   
0000020a  etatCommunication           
00000210  _lock                       
00000212  _unlock                     
00000214  frequenceRoues              
00000218  frequenceCliLED             
000003b0  _stack                      
00000400  __STACK_END                 
000010c0  TLV_CHECKSUM                
000010da  TLV_ADC10_1_TAG             
000010db  TLV_ADC10_1_LEN             
000010f6  TLV_DCO_30_TAG              
000010f7  TLV_DCO_30_LEN              
000010f8  CALDCO_16MHZ                
000010f9  CALBC1_16MHZ                
000010fa  CALDCO_12MHZ                
000010fb  CALBC1_12MHZ                
000010fc  CALDCO_8MHZ                 
000010fd  CALBC1_8MHZ                 
000010fe  CALDCO_1MHZ                 
000010ff  CALBC1_1MHZ                 
0000c000  __TI_frcdivd                
0000c48e  __mspabi_divd               
0000c6c6  USCI0RX_ISR                 
0000c7f8  main                        
0000c928  ModifierFrequenceRoues      
0000ca08  __mspabi_fltuld             
0000ca92  __mspabi_fixdul             
0000cb06  _auto_init                  
0000cbd8  InitGPIO                    
0000cc3a  TXSPI                       
0000cc9c  Avancer                     
0000ccf8  __mspabi_srll_15            
0000ccfe  __mspabi_srll_14            
0000cd04  __mspabi_srll_13            
0000cd0a  __mspabi_srll_12            
0000cd10  __mspabi_srll_11            
0000cd16  __mspabi_srll_10            
0000cd1c  __mspabi_srll_9             
0000cd22  __mspabi_srll_8             
0000cd28  __mspabi_srll_7             
0000cd2e  __mspabi_srll_6             
0000cd34  __mspabi_srll_5             
0000cd3a  __mspabi_srll_4             
0000cd40  __mspabi_srll_3             
0000cd46  __mspabi_srll_2             
0000cd4c  __mspabi_srll_1             
0000cd54  copy_in                     
0000cdae  __mspabi_divul              
0000cdae  __mspabi_remul              
0000ce06  DecrementerVitesseRoues     
0000ce5a  __mspabi_srli               
0000ce68  __mspabi_srli_15            
0000ce6c  __mspabi_srli_14            
0000ce70  __mspabi_srli_13            
0000ce74  __mspabi_srli_12            
0000ce78  __mspabi_srli_11            
0000ce7c  __mspabi_srli_10            
0000ce80  __mspabi_srli_9             
0000ce84  __mspabi_srli_8             
0000ce88  __mspabi_srli_7             
0000ce8c  __mspabi_srli_6             
0000ce90  __mspabi_srli_5             
0000ce94  __mspabi_srli_4             
0000ce98  __mspabi_srli_3             
0000ce9c  __mspabi_srli_2             
0000cea0  __mspabi_srli_1             
0000cea6  DefinirVitesseRoues         
0000ceee  DefinirFrequenceCliLED      
0000cf32  InitPWM                     
0000cf70  TournerDroite               
0000cfae  __mspabi_sral_15            
0000cfb2  __mspabi_sral_14            
0000cfb6  __mspabi_sral_13            
0000cfba  __mspabi_sral_12            
0000cfbe  __mspabi_sral_11            
0000cfc2  __mspabi_sral_10            
0000cfc6  __mspabi_sral_9             
0000cfca  __mspabi_sral_8             
0000cfce  __mspabi_sral_7             
0000cfd2  __mspabi_sral_6             
0000cfd6  __mspabi_sral_5             
0000cfda  __mspabi_sral_4             
0000cfde  __mspabi_sral_3             
0000cfe2  __mspabi_sral_2             
0000cfe6  __mspabi_sral_1             
0000cfec  __mspabi_slll_15            
0000cff0  __mspabi_slll_14            
0000cff4  __mspabi_slll_13            
0000cff8  __mspabi_slll_12            
0000cffc  __mspabi_slll_11            
0000d000  __mspabi_slll_10            
0000d004  __mspabi_slll_9             
0000d008  __mspabi_slll_8             
0000d00c  __mspabi_slll_7             
0000d010  __mspabi_slll_6             
0000d014  __mspabi_slll_5             
0000d018  __mspabi_slll_4             
0000d01c  __mspabi_slll_3             
0000d020  __mspabi_slll_2             
0000d024  __mspabi_slll_1             
0000d02a  Reculer                     
0000d064  TournerGauche               
0000d09e  rand                        
0000d0d6  Timer0Interrupt             
0000d10c  Stop                        
0000d140  ArreterCommunicationUART    
0000d172  IncrementerVitesseRoues     
0000d1a4  TXStringUART                
0000d1d4  InitUART                    
0000d200  __mspabi_srai               
0000d20c  __mspabi_srai_15            
0000d20e  __mspabi_srai_14            
0000d210  __mspabi_srai_13            
0000d212  __mspabi_srai_12            
0000d214  __mspabi_srai_11            
0000d216  __mspabi_srai_10            
0000d218  __mspabi_srai_9             
0000d21a  __mspabi_srai_8             
0000d21c  __mspabi_srai_7             
0000d21e  __mspabi_srai_6             
0000d220  __mspabi_srai_5             
0000d222  __mspabi_srai_4             
0000d224  __mspabi_srai_3             
0000d226  __mspabi_srai_2             
0000d228  __mspabi_srai_1             
0000d22c  __mspabi_divi               
0000d22c  __mspabi_remi               
0000d258  __mspabi_slli               
0000d264  __mspabi_slli_15            
0000d266  __mspabi_slli_14            
0000d268  __mspabi_slli_13            
0000d26a  __mspabi_slli_12            
0000d26c  __mspabi_slli_11            
0000d26e  __mspabi_slli_10            
0000d270  __mspabi_slli_9             
0000d272  __mspabi_slli_8             
0000d274  __mspabi_slli_7             
0000d276  __mspabi_slli_6             
0000d278  __mspabi_slli_5             
0000d27a  __mspabi_slli_4             
0000d27c  __mspabi_slli_3             
0000d27e  __mspabi_slli_2             
0000d280  __mspabi_slli_1             
0000d284  __mspabi_mpyl               
0000d284  __mspabi_mpyl_sw            
0000d2aa  ObtenirResultatConversionADC
0000d2ce  InitSPI                     
0000d2ee  GenererNombre               
0000d30a  InitADC                     
0000d324  _c_int00_noargs_noexit      
0000d33e  __mspabi_divu               
0000d33e  __mspabi_remu               
0000d354  __mspabi_mpyi               
0000d354  __mspabi_mpyi_sw            
0000d368  __mspabi_fixdu              
0000d37a  __TI_decompress_none        
0000d38c  __mspabi_srll               
0000d39e  memcpy                      
0000d3b0  ActiverGPIOPort1            
0000d3c0  ActiverGPIOPort2            
0000d3d0  ObtenirEtatGPIOPort1        
0000d3e0  __mspabi_func_epilog_7      
0000d3e2  __mspabi_func_epilog_6      
0000d3e4  __mspabi_func_epilog_5      
0000d3e6  __mspabi_func_epilog_4      
0000d3e8  __mspabi_func_epilog_3      
0000d3ea  __mspabi_func_epilog_2      
0000d3ec  __mspabi_func_epilog_1      
0000d3f0  TXCharUART                  
0000d3fc  ArretUrgence                
0000d406  __TI_ISR_TRAP               
0000d40e  ArreterCommunicationSPI     
0000d414  DefinirModeRobot            
0000d41a  DefinirReceptionUART        
0000d420  ObtenirEtatCommunicationUART
0000d426  ObtenirEtatRobot            
0000d42c  ObtenirFrequenceCliLED      
0000d432  ObtenirModeRobot            
0000d438  ObtenirReceptionUART        
0000d43e  Timer1Interrupt             
0000d444  __mspabi_fltud              
0000d44a  C$$EXIT                     
0000d44a  abort                       
0000d450  __TI_decompress_rle24       
0000d456  _system_pre_init            
0000d45a  _nop                        
0000d45c  _system_post_cinit          
0000d896  __TI_Handler_Table_Base     
0000d89a  __TI_CINIT_Base             
0000d89a  __TI_Handler_Table_Limit    
0000d8a2  __TI_CINIT_Limit            
0000ffe0  __TI_int00                  
0000ffe4  __TI_int02                  
0000ffe6  __TI_int03                  
0000ffea  __TI_int05                  
0000ffec  __TI_int06                  
0000ffee  __TI_int07                  
0000fff0  __TI_int08                  
0000fff2  __TI_int09                  
0000fff4  __TI_int10                  
0000fff6  __TI_int11                  
0000fff8  __TI_int12                  
0000fffa  __TI_int13                  
0000fffc  __TI_int14                  
0000fffe  _reset_vector               
ffffffff  __TI_pprof_out_hndl         
ffffffff  __TI_prof_data_size         
ffffffff  __TI_prof_data_start        
ffffffff  __c_args__                  
UNDEFED   __TI_BINIT_Base             
UNDEFED   __TI_BINIT_Limit            
UNDEFED   __TI_INITARRAY_Base         
UNDEFED   __TI_INITARRAY_Limit        

[306 symbols]
