******************************************************************************
                  MSP430 Linker PC v15.12.3                    
******************************************************************************
>> Linked Wed Mar 22 16:21:52 2017

OUTPUT FILE NAME:   <Master.out>
ENTRY POINT SYMBOL: "_c_int00_noargs_noexit"  address: 0000d54e


MEMORY CONFIGURATION

         name            origin    length      used     unused   attr    fill
----------------------  --------  ---------  --------  --------  ----  --------
  SFR                   00000000   00000010  00000000  00000010  RWIX
  PERIPHERALS_8BIT      00000010   000000f0  00000000  000000f0  RWIX
  PERIPHERALS_16BIT     00000100   00000100  00000000  00000100  RWIX
  RAM                   00000200   00000200  0000006a  00000196  RWIX
  INFOD                 00001000   00000040  00000000  00000040  RWIX
  INFOC                 00001040   00000040  00000000  00000040  RWIX
  INFOB                 00001080   00000040  00000000  00000040  RWIX
  INFOA                 000010c0   00000040  00000000  00000040  RWIX
  FLASH                 0000c000   00003fde  00001aba  00002524  RWIX
  BSLSIGNATURE          0000ffde   00000002  00000002  00000000  RWIX  ffff 
  INT00                 0000ffe0   00000002  00000002  00000000  RWIX
  INT01                 0000ffe2   00000002  00000000  00000002  RWIX
  INT02                 0000ffe4   00000002  00000002  00000000  RWIX
  INT03                 0000ffe6   00000002  00000002  00000000  RWIX
  INT04                 0000ffe8   00000002  00000000  00000002  RWIX
  INT05                 0000ffea   00000002  00000002  00000000  RWIX
  INT06                 0000ffec   00000002  00000002  00000000  RWIX
  INT07                 0000ffee   00000002  00000002  00000000  RWIX
  INT08                 0000fff0   00000002  00000002  00000000  RWIX
  INT09                 0000fff2   00000002  00000002  00000000  RWIX
  INT10                 0000fff4   00000002  00000002  00000000  RWIX
  INT11                 0000fff6   00000002  00000002  00000000  RWIX
  INT12                 0000fff8   00000002  00000002  00000000  RWIX
  INT13                 0000fffa   00000002  00000002  00000000  RWIX
  INT14                 0000fffc   00000002  00000002  00000000  RWIX
  RESET                 0000fffe   00000002  00000002  00000000  RWIX


SECTION ALLOCATION MAP

 output                                  attributes/
section   page    origin      length       input sections
--------  ----  ----------  ----------   ----------------
.data      0    00000200    00000014     UNINITIALIZED
                  00000200    00000004     ISR.obj (.data)
                  00000204    00000004     Robot.obj (.data)
                  00000208    00000004     UART.obj (.data)
                  0000020c    00000004     rts430_eabi.lib : rand.obj (.data)
                  00000210    00000002                     : _lock.obj (.data:_lock)
                  00000212    00000002                     : _lock.obj (.data:_unlock)

.bss       0    00000214    00000006     UNINITIALIZED
                  00000214    00000004     (.common:frequenceRoues)
                  00000218    00000002     (.common:frequenceCliLED)

.stack     0    000003b0    00000050     UNINITIALIZED
                  000003b0    00000002     rts430_eabi.lib : boot.obj (.stack)
                  000003b2    0000004e     --HOLE--

.text      0    0000c000    00001698     
                  0000c000    0000048e     rts430_eabi.lib : frcdivd.obj (.text:__TI_frcdivd)
                  0000c48e    00000238                     : divd.obj (.text:__mspabi_divd)
                  0000c6c6    000001f2     Robot.obj (.text:Avancer)
                  0000c8b8    0000017e     main.obj (.text:main)
                  0000ca36    0000010e     ISR.obj (.text:USCI0RX_ISR)
                  0000cb44    000000e0     Timer.obj (.text:ModifierFrequenceRoues)
                  0000cc24    0000008a     rts430_eabi.lib : fltuld.obj (.text:__mspabi_fltuld)
                  0000ccae    00000074                     : fixdul.obj (.text:__mspabi_fixdul)
                  0000cd22    0000006e                     : autoinit.obj (.text:_auto_init)
                  0000cd90    00000064                     : copy_decompress_rle.obj (.text:__TI_decompress_rle_core)
                  0000cdf4    00000062     GPIO.obj (.text:InitGPIO)
                  0000ce56    0000005c     rts430_eabi.lib : lsr32.obj (.text:l_lsr_const)
                  0000ceb2    0000005a                     : cpy_tbl.obj (.text:copy_in)
                  0000cf0c    00000058                     : div32u.obj (.text)
                  0000cf64    00000056     ISR.obj (.text:Timer1Interrupt)
                  0000cfba    00000054     Timer.obj (.text:DecrementerVitesseRoues)
                  0000d00e    0000004c     rts430_eabi.lib : lsr16.obj (.text)
                  0000d05a    00000048     Timer.obj (.text:DefinirVitesseRoues)
                  0000d0a2    00000044     Timer.obj (.text:DefinirFrequenceCliLED)
                  0000d0e6    00000042     SPI.obj (.text:TXSPI)
                  0000d128    00000040     Timer.obj (.text:IncrementerVitesseRoues)
                  0000d168    0000003e     Timer.obj (.text:InitPWM)
                  0000d1a6    0000003e     Robot.obj (.text:TournerDroite)
                  0000d1e4    0000003e     rts430_eabi.lib : asr32.obj (.text:l_asr_const)
                  0000d222    0000003e                     : lsl32.obj (.text:l_lsl_const)
                  0000d260    0000003a     Robot.obj (.text:Reculer)
                  0000d29a    0000003a     Robot.obj (.text:TournerGauche)
                  0000d2d4    00000038     rts430_eabi.lib : rand.obj (.text:rand)
                  0000d30c    00000036     ISR.obj (.text:Timer0Interrupt)
                  0000d342    00000034     Robot.obj (.text:Stop)
                  0000d376    00000032     UART.obj (.text:ArreterCommunicationUART)
                  0000d3a8    00000030     UART.obj (.text:TXStringUART)
                  0000d3d8    0000002c     UART.obj (.text:InitUART)
                  0000d404    0000002c     rts430_eabi.lib : asr16.obj (.text)
                  0000d430    0000002c                     : div16s.obj (.text)
                  0000d45c    0000002c                     : lsl16.obj (.text)
                  0000d488    00000026     SPI.obj (.text:RXSPI)
                  0000d4ae    00000026     rts430_eabi.lib : mult32.obj (.text)
                  0000d4d4    00000024     ADC.obj (.text:ObtenirResultatConversionADC)
                  0000d4f8    00000020     SPI.obj (.text:InitSPI)
                  0000d518    0000001c     main.obj (.text:GenererNombre)
                  0000d534    0000001a     ADC.obj (.text:InitADC)
                  0000d54e    0000001a     rts430_eabi.lib : boot_special.obj (.text:_c_int00_noargs_noexit)
                  0000d568    00000016                     : div16u.obj (.text)
                  0000d57e    00000014                     : memset.obj (.text:memset)
                  0000d592    00000014                     : mult16.obj (.text)
                  0000d5a6    00000012                     : fixdu.obj (.text:__mspabi_fixdu)
                  0000d5b8    00000012                     : copy_decompress_none.obj (.text:decompress:none:__TI_decompress_none)
                  0000d5ca    00000012                     : lsr32.obj (.text:l_lsr)
                  0000d5dc    00000012                     : memcpy.obj (.text:memcpy)
                  0000d5ee    00000010     GPIO.obj (.text:ActiverGPIOPort1)
                  0000d5fe    00000010     GPIO.obj (.text:ActiverGPIOPort2)
                  0000d60e    00000010     Robot.obj (.text:ArretUrgence)
                  0000d61e    00000010     GPIO.obj (.text:ObtenirEtatGPIOPort1)
                  0000d62e    00000010     rts430_eabi.lib : epilog.obj (.text)
                  0000d63e    0000000c     UART.obj (.text:TXCharUART)
                  0000d64a    00000008     rts430_eabi.lib : isr_trap.obj (.text:_isr:__TI_ISR_TRAP)
                  0000d652    00000006     Robot.obj (.text:DefinirModeRobot)
                  0000d658    00000006     UART.obj (.text:DefinirReceptionUART)
                  0000d65e    00000006     UART.obj (.text:ObtenirEtatCommunicationUART)
                  0000d664    00000006     Robot.obj (.text:ObtenirEtatRobot)
                  0000d66a    00000006     Timer.obj (.text:ObtenirFrequenceCliLED)
                  0000d670    00000006     Robot.obj (.text:ObtenirModeRobot)
                  0000d676    00000006     UART.obj (.text:ObtenirReceptionUART)
                  0000d67c    00000006     rts430_eabi.lib : fltud.obj (.text:__mspabi_fltud)
                  0000d682    00000006                     : exit.obj (.text:abort)
                  0000d688    00000006                     : copy_decompress_rle.obj (.text:decompress:rle24:__TI_decompress_rle24)
                  0000d68e    00000004                     : pre_init.obj (.text:_system_pre_init)
                  0000d692    00000002     Timer.obj (.text:CorrigerErreurRoues)
                  0000d694    00000002     rts430_eabi.lib : _lock.obj (.text:_nop)
                  0000d696    00000002                     : startup.obj (.text:_system_post_cinit)

.binit     0    0000c000    00000000     

.const     0    0000d698    000003f4     
                  0000d698    00000214     ISR.obj (.const:.string)
                  0000d8ac    000000c2     main.obj (.const:.string)
                  0000d96e    000000aa     Timer.obj (.const:.string)
                  0000da18    00000068     Robot.obj (.const:.string)
                  0000da80    00000004     ADC.obj (.const:.string)
                  0000da84    00000004     GPIO.obj (.const:.string)
                  0000da88    00000004     SPI.obj (.const:.string)

.cinit     0    0000da8c    0000002e     
                  0000da8c    00000017     (.cinit..data.load) [load image, compression = rle]
                  0000daa3    00000001     --HOLE-- [fill = 0]
                  0000daa4    00000009     (.cinit..bss.load) [load image, compression = rle]
                  0000daad    00000001     --HOLE-- [fill = 0]
                  0000daae    00000004     (__TI_handler_table)
                  0000dab2    00000008     (__TI_cinit_table)

.init_array 
*          0    0000c000    00000000     UNINITIALIZED

TRAPINT    0    0000ffe0    00000002     
                  0000ffe0    00000002     rts430_eabi.lib : int00.obj (.int00)

PORT1      0    0000ffe4    00000002     
                  0000ffe4    00000002     rts430_eabi.lib : int02.obj (.int02)

PORT2      0    0000ffe6    00000002     
                  0000ffe6    00000002     rts430_eabi.lib : int03.obj (.int03)

$fill000   0    0000ffde    00000002     
                  0000ffde    00000002     --HOLE-- [fill = ffff]

ADC10      0    0000ffea    00000002     
                  0000ffea    00000002     rts430_eabi.lib : int05.obj (.int05)

USCIAB0TX 
*          0    0000ffec    00000002     
                  0000ffec    00000002     rts430_eabi.lib : int06.obj (.int06)

USCIAB0RX 
*          0    0000ffee    00000002     
                  0000ffee    00000002     ISR.obj (.int07)

TIMER0_A1 
*          0    0000fff0    00000002     
                  0000fff0    00000002     ISR.obj (.int08)

TIMER0_A0 
*          0    0000fff2    00000002     
                  0000fff2    00000002     rts430_eabi.lib : int09.obj (.int09)

WDT        0    0000fff4    00000002     
                  0000fff4    00000002     rts430_eabi.lib : int10.obj (.int10)

COMPARATORA 
*          0    0000fff6    00000002     
                  0000fff6    00000002     rts430_eabi.lib : int11.obj (.int11)

TIMER1_A1 
*          0    0000fff8    00000002     
                  0000fff8    00000002     ISR.obj (.int12)

TIMER1_A0 
*          0    0000fffa    00000002     
                  0000fffa    00000002     rts430_eabi.lib : int13.obj (.int13)

NMI        0    0000fffc    00000002     
                  0000fffc    00000002     rts430_eabi.lib : int14.obj (.int14)

.reset     0    0000fffe    00000002     
                  0000fffe    00000002     rts430_eabi.lib : boot.obj (.reset)

MODULE SUMMARY

       Module                     code   ro data   rw data
       ------                     ----   -------   -------
    .\
       ISR.obj                    410    538       4      
       Robot.obj                  762    104       4      
       Timer.obj                  582    170       6      
       main.obj                   410    194       0      
       UART.obj                   172    0         4      
       GPIO.obj                   146    4         0      
       SPI.obj                    136    4         0      
       ADC.obj                    62     4         0      
    +--+--------------------------+------+---------+---------+
       Total:                     2680   1018      18     
                                                          
    C:\ti\ccsv6\tools\compiler\msp430_15.12.3.LTS\lib\rts430_eabi.lib
       frcdivd.obj                1166   0         0      
       divd.obj                   568    0         0      
       fltuld.obj                 138    0         0      
       fixdul.obj                 116    0         0      
       autoinit.obj               110    0         0      
       lsr32.obj                  110    0         0      
       copy_decompress_rle.obj    106    0         0      
       cpy_tbl.obj                90     0         0      
       div32u.obj                 88     0         0      
       lsr16.obj                  76     0         0      
       asr32.obj                  62     0         0      
       lsl32.obj                  62     0         0      
       rand.obj                   56     0         4      
       asr16.obj                  44     0         0      
       div16s.obj                 44     0         0      
       lsl16.obj                  44     0         0      
       mult32.obj                 38     0         0      
       boot_special.obj           26     0         0      
       div16u.obj                 22     0         0      
       memset.obj                 20     0         0      
       mult16.obj                 20     0         0      
       copy_decompress_none.obj   18     0         0      
       fixdu.obj                  18     0         0      
       memcpy.obj                 18     0         0      
       epilog.obj                 16     0         0      
       isr_trap.obj               8      0         0      
       _lock.obj                  2      0         4      
       exit.obj                   6      0         0      
       fltud.obj                  6      0         0      
       pre_init.obj               4      0         0      
       boot.obj                   0      2         0      
       int00.obj                  0      2         0      
       int02.obj                  0      2         0      
       int03.obj                  0      2         0      
       int05.obj                  0      2         0      
       int06.obj                  0      2         0      
       int09.obj                  0      2         0      
       int10.obj                  0      2         0      
       int11.obj                  0      2         0      
       int13.obj                  0      2         0      
       int14.obj                  0      2         0      
       startup.obj                2      0         0      
    +--+--------------------------+------+---------+---------+
       Total:                     3104   22        8      
                                                          
       Stack:                     0      0         80     
       Linker Generated:          0      44        0      
    +--+--------------------------+------+---------+---------+
       Grand Total:               5784   1084      106    


LINKER GENERATED COPY TABLES

__TI_cinit_table @ 0000dab2 records: 2, size/record: 4, table size: 8
	.data: load addr=0000da8c, load size=00000017 bytes, run addr=00000200, run size=00000014 bytes, compression=rle
	.bss: load addr=0000daa4, load size=00000009 bytes, run addr=00000214, run size=00000006 bytes, compression=rle


LINKER GENERATED HANDLER TABLE

__TI_handler_table @ 0000daae records: 2, size/record: 2, table size: 4
	index: 0, handler: __TI_decompress_rle24
	index: 1, handler: __TI_decompress_none


GLOBAL SYMBOLS: SORTED ALPHABETICALLY BY Name 

address   name                        
-------   ----                        
0000004a  ADC10AE0                    
000001b0  ADC10CTL0                   
000001b2  ADC10CTL1                   
00000048  ADC10DTC0                   
00000049  ADC10DTC1                   
000001b4  ADC10MEM                    
000001bc  ADC10SA                     
0000d5ee  ActiverGPIOPort1            
0000d5fe  ActiverGPIOPort2            
0000d60e  ArretUrgence                
0000d0e6  ArreterCommunicationSPI     
0000d376  ArreterCommunicationUART    
0000c6c6  Avancer                     
00000057  BCSCTL1                     
00000058  BCSCTL2                     
00000053  BCSCTL3                     
0000d682  C$$EXIT                     
00000059  CACTL1                      
0000005a  CACTL2                      
000010fb  CALBC1_12MHZ                
000010f9  CALBC1_16MHZ                
000010ff  CALBC1_1MHZ                 
000010fd  CALBC1_8MHZ                 
000010fa  CALDCO_12MHZ                
000010f8  CALDCO_16MHZ                
000010fe  CALDCO_1MHZ                 
000010fc  CALDCO_8MHZ                 
0000005b  CAPD                        
0000d692  CorrigerErreurRoues         
00000056  DCOCTL                      
0000cfba  DecrementerVitesseRoues     
0000d0a2  DefinirFrequenceCliLED      
0000d652  DefinirModeRobot            
0000d658  DefinirReceptionUART        
0000d05a  DefinirVitesseRoues         
00000128  FCTL1                       
0000012a  FCTL2                       
0000012c  FCTL3                       
0000d518  GenererNombre               
00000000  IE1                         
00000001  IE2                         
00000002  IFG1                        
00000003  IFG2                        
0000d128  IncrementerVitesseRoues     
0000d534  InitADC                     
0000cdf4  InitGPIO                    
0000d168  InitPWM                     
0000d4f8  InitSPI                     
0000d3d8  InitUART                    
0000cb44  ModifierFrequenceRoues      
0000d65e  ObtenirEtatCommunicationUART
0000d61e  ObtenirEtatGPIOPort1        
0000d664  ObtenirEtatRobot            
0000d66a  ObtenirFrequenceCliLED      
0000d670  ObtenirModeRobot            
0000d676  ObtenirReceptionUART        
0000d4d4  ObtenirResultatConversionADC
00000022  P1DIR                       
00000025  P1IE                        
00000024  P1IES                       
00000023  P1IFG                       
00000020  P1IN                        
00000021  P1OUT                       
00000027  P1REN                       
00000026  P1SEL                       
00000041  P1SEL2                      
0000002a  P2DIR                       
0000002d  P2IE                        
0000002c  P2IES                       
0000002b  P2IFG                       
00000028  P2IN                        
00000029  P2OUT                       
0000002f  P2REN                       
0000002e  P2SEL                       
00000042  P2SEL2                      
0000001a  P3DIR                       
00000018  P3IN                        
00000019  P3OUT                       
00000010  P3REN                       
0000001b  P3SEL                       
00000043  P3SEL2                      
0000d488  RXSPI                       
0000d260  Reculer                     
0000d342  Stop                        
00000172  TA0CCR0                     
00000174  TA0CCR1                     
00000176  TA0CCR2                     
00000162  TA0CCTL0                    
00000164  TA0CCTL1                    
00000166  TA0CCTL2                    
00000160  TA0CTL                      
0000012e  TA0IV                       
00000170  TA0R                        
00000192  TA1CCR0                     
00000194  TA1CCR1                     
00000196  TA1CCR2                     
00000182  TA1CCTL0                    
00000184  TA1CCTL1                    
00000186  TA1CCTL2                    
00000180  TA1CTL                      
0000011e  TA1IV                       
00000190  TA1R                        
000010db  TLV_ADC10_1_LEN             
000010da  TLV_ADC10_1_TAG             
000010c0  TLV_CHECKSUM                
000010f7  TLV_DCO_30_LEN              
000010f6  TLV_DCO_30_TAG              
0000d63e  TXCharUART                  
0000d0e6  TXSPI                       
0000d3a8  TXStringUART                
0000d30c  Timer0Interrupt             
0000cf64  Timer1Interrupt             
0000d1a6  TournerDroite               
0000d29a  TournerGauche               
0000005d  UCA0ABCTL                   
00000062  UCA0BR0                     
00000063  UCA0BR1                     
00000060  UCA0CTL0                    
00000061  UCA0CTL1                    
0000005f  UCA0IRRCTL                  
0000005e  UCA0IRTCTL                  
00000064  UCA0MCTL                    
00000066  UCA0RXBUF                   
00000065  UCA0STAT                    
00000067  UCA0TXBUF                   
0000006a  UCB0BR0                     
0000006b  UCB0BR1                     
00000068  UCB0CTL0                    
00000069  UCB0CTL1                    
0000006c  UCB0I2CIE                   
00000118  UCB0I2COA                   
0000011a  UCB0I2CSA                   
0000006e  UCB0RXBUF                   
0000006d  UCB0STAT                    
0000006f  UCB0TXBUF                   
0000ca36  USCI0RX_ISR                 
00000120  WDTCTL                      
00000400  __STACK_END                 
00000050  __STACK_SIZE                
UNDEFED   __TI_BINIT_Base             
UNDEFED   __TI_BINIT_Limit            
0000dab2  __TI_CINIT_Base             
0000daba  __TI_CINIT_Limit            
0000daae  __TI_Handler_Table_Base     
0000dab2  __TI_Handler_Table_Limit    
UNDEFED   __TI_INITARRAY_Base         
UNDEFED   __TI_INITARRAY_Limit        
0000d64a  __TI_ISR_TRAP               
0000d5b8  __TI_decompress_none        
0000d688  __TI_decompress_rle24       
0000c000  __TI_frcdivd                
0000ffe0  __TI_int00                  
0000ffe4  __TI_int02                  
0000ffe6  __TI_int03                  
0000ffea  __TI_int05                  
0000ffec  __TI_int06                  
0000ffee  __TI_int07                  
0000fff0  __TI_int08                  
0000fff2  __TI_int09                  
0000fff4  __TI_int10                  
0000fff6  __TI_int11                  
0000fff8  __TI_int12                  
0000fffa  __TI_int13                  
0000fffc  __TI_int14                  
ffffffff  __TI_pprof_out_hndl         
ffffffff  __TI_prof_data_size         
ffffffff  __TI_prof_data_start        
ffffffff  __c_args__                  
0000c48e  __mspabi_divd               
0000d430  __mspabi_divi               
0000d568  __mspabi_divu               
0000cf0c  __mspabi_divul              
0000d5a6  __mspabi_fixdu              
0000ccae  __mspabi_fixdul             
0000d67c  __mspabi_fltud              
0000cc24  __mspabi_fltuld             
0000d63a  __mspabi_func_epilog_1      
0000d638  __mspabi_func_epilog_2      
0000d636  __mspabi_func_epilog_3      
0000d634  __mspabi_func_epilog_4      
0000d632  __mspabi_func_epilog_5      
0000d630  __mspabi_func_epilog_6      
0000d62e  __mspabi_func_epilog_7      
0000d592  __mspabi_mpyi               
0000d592  __mspabi_mpyi_sw            
0000d4ae  __mspabi_mpyl               
0000d4ae  __mspabi_mpyl_sw            
0000d430  __mspabi_remi               
0000d568  __mspabi_remu               
0000cf0c  __mspabi_remul              
0000d45c  __mspabi_slli               
0000d484  __mspabi_slli_1             
0000d472  __mspabi_slli_10            
0000d470  __mspabi_slli_11            
0000d46e  __mspabi_slli_12            
0000d46c  __mspabi_slli_13            
0000d46a  __mspabi_slli_14            
0000d468  __mspabi_slli_15            
0000d482  __mspabi_slli_2             
0000d480  __mspabi_slli_3             
0000d47e  __mspabi_slli_4             
0000d47c  __mspabi_slli_5             
0000d47a  __mspabi_slli_6             
0000d478  __mspabi_slli_7             
0000d476  __mspabi_slli_8             
0000d474  __mspabi_slli_9             
0000d25a  __mspabi_slll_1             
0000d236  __mspabi_slll_10            
0000d232  __mspabi_slll_11            
0000d22e  __mspabi_slll_12            
0000d22a  __mspabi_slll_13            
0000d226  __mspabi_slll_14            
0000d222  __mspabi_slll_15            
0000d256  __mspabi_slll_2             
0000d252  __mspabi_slll_3             
0000d24e  __mspabi_slll_4             
0000d24a  __mspabi_slll_5             
0000d246  __mspabi_slll_6             
0000d242  __mspabi_slll_7             
0000d23e  __mspabi_slll_8             
0000d23a  __mspabi_slll_9             
0000d404  __mspabi_srai               
0000d42c  __mspabi_srai_1             
0000d41a  __mspabi_srai_10            
0000d418  __mspabi_srai_11            
0000d416  __mspabi_srai_12            
0000d414  __mspabi_srai_13            
0000d412  __mspabi_srai_14            
0000d410  __mspabi_srai_15            
0000d42a  __mspabi_srai_2             
0000d428  __mspabi_srai_3             
0000d426  __mspabi_srai_4             
0000d424  __mspabi_srai_5             
0000d422  __mspabi_srai_6             
0000d420  __mspabi_srai_7             
0000d41e  __mspabi_srai_8             
0000d41c  __mspabi_srai_9             
0000d21c  __mspabi_sral_1             
0000d1f8  __mspabi_sral_10            
0000d1f4  __mspabi_sral_11            
0000d1f0  __mspabi_sral_12            
0000d1ec  __mspabi_sral_13            
0000d1e8  __mspabi_sral_14            
0000d1e4  __mspabi_sral_15            
0000d218  __mspabi_sral_2             
0000d214  __mspabi_sral_3             
0000d210  __mspabi_sral_4             
0000d20c  __mspabi_sral_5             
0000d208  __mspabi_sral_6             
0000d204  __mspabi_sral_7             
0000d200  __mspabi_sral_8             
0000d1fc  __mspabi_sral_9             
0000d00e  __mspabi_srli               
0000d054  __mspabi_srli_1             
0000d030  __mspabi_srli_10            
0000d02c  __mspabi_srli_11            
0000d028  __mspabi_srli_12            
0000d024  __mspabi_srli_13            
0000d020  __mspabi_srli_14            
0000d01c  __mspabi_srli_15            
0000d050  __mspabi_srli_2             
0000d04c  __mspabi_srli_3             
0000d048  __mspabi_srli_4             
0000d044  __mspabi_srli_5             
0000d040  __mspabi_srli_6             
0000d03c  __mspabi_srli_7             
0000d038  __mspabi_srli_8             
0000d034  __mspabi_srli_9             
0000d5ca  __mspabi_srll               
0000ceaa  __mspabi_srll_1             
0000ce74  __mspabi_srll_10            
0000ce6e  __mspabi_srll_11            
0000ce68  __mspabi_srll_12            
0000ce62  __mspabi_srll_13            
0000ce5c  __mspabi_srll_14            
0000ce56  __mspabi_srll_15            
0000cea4  __mspabi_srll_2             
0000ce9e  __mspabi_srll_3             
0000ce98  __mspabi_srll_4             
0000ce92  __mspabi_srll_5             
0000ce8c  __mspabi_srll_6             
0000ce86  __mspabi_srll_7             
0000ce80  __mspabi_srll_8             
0000ce7a  __mspabi_srll_9             
0000cd22  _auto_init                  
0000d54e  _c_int00_noargs_noexit      
00000210  _lock                       
0000d694  _nop                        
0000fffe  _reset_vector               
000003b0  _stack                      
0000d696  _system_post_cinit          
0000d68e  _system_pre_init            
00000212  _unlock                     
0000d682  abort                       
0000ceb2  copy_in                     
0000020a  etatCommunication           
00000204  etatRobot                   
00000218  frequenceCliLED             
00000214  frequenceRoues              
0000c8b8  main                        
0000d5dc  memcpy                      
0000d57e  memset                      
00000200  menu                        
00000206  messageEnvoye               
00000205  modeRobot                   
00000202  nbIncrementRoueA            
00000203  nbIncrementRoueB            
0000d2d4  rand                        
00000208  reception                   


GLOBAL SYMBOLS: SORTED BY Symbol Address 

address   name                        
-------   ----                        
00000000  IE1                         
00000001  IE2                         
00000002  IFG1                        
00000003  IFG2                        
00000010  P3REN                       
00000018  P3IN                        
00000019  P3OUT                       
0000001a  P3DIR                       
0000001b  P3SEL                       
00000020  P1IN                        
00000021  P1OUT                       
00000022  P1DIR                       
00000023  P1IFG                       
00000024  P1IES                       
00000025  P1IE                        
00000026  P1SEL                       
00000027  P1REN                       
00000028  P2IN                        
00000029  P2OUT                       
0000002a  P2DIR                       
0000002b  P2IFG                       
0000002c  P2IES                       
0000002d  P2IE                        
0000002e  P2SEL                       
0000002f  P2REN                       
00000041  P1SEL2                      
00000042  P2SEL2                      
00000043  P3SEL2                      
00000048  ADC10DTC0                   
00000049  ADC10DTC1                   
0000004a  ADC10AE0                    
00000050  __STACK_SIZE                
00000053  BCSCTL3                     
00000056  DCOCTL                      
00000057  BCSCTL1                     
00000058  BCSCTL2                     
00000059  CACTL1                      
0000005a  CACTL2                      
0000005b  CAPD                        
0000005d  UCA0ABCTL                   
0000005e  UCA0IRTCTL                  
0000005f  UCA0IRRCTL                  
00000060  UCA0CTL0                    
00000061  UCA0CTL1                    
00000062  UCA0BR0                     
00000063  UCA0BR1                     
00000064  UCA0MCTL                    
00000065  UCA0STAT                    
00000066  UCA0RXBUF                   
00000067  UCA0TXBUF                   
00000068  UCB0CTL0                    
00000069  UCB0CTL1                    
0000006a  UCB0BR0                     
0000006b  UCB0BR1                     
0000006c  UCB0I2CIE                   
0000006d  UCB0STAT                    
0000006e  UCB0RXBUF                   
0000006f  UCB0TXBUF                   
00000118  UCB0I2COA                   
0000011a  UCB0I2CSA                   
0000011e  TA1IV                       
00000120  WDTCTL                      
00000128  FCTL1                       
0000012a  FCTL2                       
0000012c  FCTL3                       
0000012e  TA0IV                       
00000160  TA0CTL                      
00000162  TA0CCTL0                    
00000164  TA0CCTL1                    
00000166  TA0CCTL2                    
00000170  TA0R                        
00000172  TA0CCR0                     
00000174  TA0CCR1                     
00000176  TA0CCR2                     
00000180  TA1CTL                      
00000182  TA1CCTL0                    
00000184  TA1CCTL1                    
00000186  TA1CCTL2                    
00000190  TA1R                        
00000192  TA1CCR0                     
00000194  TA1CCR1                     
00000196  TA1CCR2                     
000001b0  ADC10CTL0                   
000001b2  ADC10CTL1                   
000001b4  ADC10MEM                    
000001bc  ADC10SA                     
00000200  menu                        
00000202  nbIncrementRoueA            
00000203  nbIncrementRoueB            
00000204  etatRobot                   
00000205  modeRobot                   
00000206  messageEnvoye               
00000208  reception                   
0000020a  etatCommunication           
00000210  _lock                       
00000212  _unlock                     
00000214  frequenceRoues              
00000218  frequenceCliLED             
000003b0  _stack                      
00000400  __STACK_END                 
000010c0  TLV_CHECKSUM                
000010da  TLV_ADC10_1_TAG             
000010db  TLV_ADC10_1_LEN             
000010f6  TLV_DCO_30_TAG              
000010f7  TLV_DCO_30_LEN              
000010f8  CALDCO_16MHZ                
000010f9  CALBC1_16MHZ                
000010fa  CALDCO_12MHZ                
000010fb  CALBC1_12MHZ                
000010fc  CALDCO_8MHZ                 
000010fd  CALBC1_8MHZ                 
000010fe  CALDCO_1MHZ                 
000010ff  CALBC1_1MHZ                 
0000c000  __TI_frcdivd                
0000c48e  __mspabi_divd               
0000c6c6  Avancer                     
0000c8b8  main                        
0000ca36  USCI0RX_ISR                 
0000cb44  ModifierFrequenceRoues      
0000cc24  __mspabi_fltuld             
0000ccae  __mspabi_fixdul             
0000cd22  _auto_init                  
0000cdf4  InitGPIO                    
0000ce56  __mspabi_srll_15            
0000ce5c  __mspabi_srll_14            
0000ce62  __mspabi_srll_13            
0000ce68  __mspabi_srll_12            
0000ce6e  __mspabi_srll_11            
0000ce74  __mspabi_srll_10            
0000ce7a  __mspabi_srll_9             
0000ce80  __mspabi_srll_8             
0000ce86  __mspabi_srll_7             
0000ce8c  __mspabi_srll_6             
0000ce92  __mspabi_srll_5             
0000ce98  __mspabi_srll_4             
0000ce9e  __mspabi_srll_3             
0000cea4  __mspabi_srll_2             
0000ceaa  __mspabi_srll_1             
0000ceb2  copy_in                     
0000cf0c  __mspabi_divul              
0000cf0c  __mspabi_remul              
0000cf64  Timer1Interrupt             
0000cfba  DecrementerVitesseRoues     
0000d00e  __mspabi_srli               
0000d01c  __mspabi_srli_15            
0000d020  __mspabi_srli_14            
0000d024  __mspabi_srli_13            
0000d028  __mspabi_srli_12            
0000d02c  __mspabi_srli_11            
0000d030  __mspabi_srli_10            
0000d034  __mspabi_srli_9             
0000d038  __mspabi_srli_8             
0000d03c  __mspabi_srli_7             
0000d040  __mspabi_srli_6             
0000d044  __mspabi_srli_5             
0000d048  __mspabi_srli_4             
0000d04c  __mspabi_srli_3             
0000d050  __mspabi_srli_2             
0000d054  __mspabi_srli_1             
0000d05a  DefinirVitesseRoues         
0000d0a2  DefinirFrequenceCliLED      
0000d0e6  ArreterCommunicationSPI     
0000d0e6  TXSPI                       
0000d128  IncrementerVitesseRoues     
0000d168  InitPWM                     
0000d1a6  TournerDroite               
0000d1e4  __mspabi_sral_15            
0000d1e8  __mspabi_sral_14            
0000d1ec  __mspabi_sral_13            
0000d1f0  __mspabi_sral_12            
0000d1f4  __mspabi_sral_11            
0000d1f8  __mspabi_sral_10            
0000d1fc  __mspabi_sral_9             
0000d200  __mspabi_sral_8             
0000d204  __mspabi_sral_7             
0000d208  __mspabi_sral_6             
0000d20c  __mspabi_sral_5             
0000d210  __mspabi_sral_4             
0000d214  __mspabi_sral_3             
0000d218  __mspabi_sral_2             
0000d21c  __mspabi_sral_1             
0000d222  __mspabi_slll_15            
0000d226  __mspabi_slll_14            
0000d22a  __mspabi_slll_13            
0000d22e  __mspabi_slll_12            
0000d232  __mspabi_slll_11            
0000d236  __mspabi_slll_10            
0000d23a  __mspabi_slll_9             
0000d23e  __mspabi_slll_8             
0000d242  __mspabi_slll_7             
0000d246  __mspabi_slll_6             
0000d24a  __mspabi_slll_5             
0000d24e  __mspabi_slll_4             
0000d252  __mspabi_slll_3             
0000d256  __mspabi_slll_2             
0000d25a  __mspabi_slll_1             
0000d260  Reculer                     
0000d29a  TournerGauche               
0000d2d4  rand                        
0000d30c  Timer0Interrupt             
0000d342  Stop                        
0000d376  ArreterCommunicationUART    
0000d3a8  TXStringUART                
0000d3d8  InitUART                    
0000d404  __mspabi_srai               
0000d410  __mspabi_srai_15            
0000d412  __mspabi_srai_14            
0000d414  __mspabi_srai_13            
0000d416  __mspabi_srai_12            
0000d418  __mspabi_srai_11            
0000d41a  __mspabi_srai_10            
0000d41c  __mspabi_srai_9             
0000d41e  __mspabi_srai_8             
0000d420  __mspabi_srai_7             
0000d422  __mspabi_srai_6             
0000d424  __mspabi_srai_5             
0000d426  __mspabi_srai_4             
0000d428  __mspabi_srai_3             
0000d42a  __mspabi_srai_2             
0000d42c  __mspabi_srai_1             
0000d430  __mspabi_divi               
0000d430  __mspabi_remi               
0000d45c  __mspabi_slli               
0000d468  __mspabi_slli_15            
0000d46a  __mspabi_slli_14            
0000d46c  __mspabi_slli_13            
0000d46e  __mspabi_slli_12            
0000d470  __mspabi_slli_11            
0000d472  __mspabi_slli_10            
0000d474  __mspabi_slli_9             
0000d476  __mspabi_slli_8             
0000d478  __mspabi_slli_7             
0000d47a  __mspabi_slli_6             
0000d47c  __mspabi_slli_5             
0000d47e  __mspabi_slli_4             
0000d480  __mspabi_slli_3             
0000d482  __mspabi_slli_2             
0000d484  __mspabi_slli_1             
0000d488  RXSPI                       
0000d4ae  __mspabi_mpyl               
0000d4ae  __mspabi_mpyl_sw            
0000d4d4  ObtenirResultatConversionADC
0000d4f8  InitSPI                     
0000d518  GenererNombre               
0000d534  InitADC                     
0000d54e  _c_int00_noargs_noexit      
0000d568  __mspabi_divu               
0000d568  __mspabi_remu               
0000d57e  memset                      
0000d592  __mspabi_mpyi               
0000d592  __mspabi_mpyi_sw            
0000d5a6  __mspabi_fixdu              
0000d5b8  __TI_decompress_none        
0000d5ca  __mspabi_srll               
0000d5dc  memcpy                      
0000d5ee  ActiverGPIOPort1            
0000d5fe  ActiverGPIOPort2            
0000d60e  ArretUrgence                
0000d61e  ObtenirEtatGPIOPort1        
0000d62e  __mspabi_func_epilog_7      
0000d630  __mspabi_func_epilog_6      
0000d632  __mspabi_func_epilog_5      
0000d634  __mspabi_func_epilog_4      
0000d636  __mspabi_func_epilog_3      
0000d638  __mspabi_func_epilog_2      
0000d63a  __mspabi_func_epilog_1      
0000d63e  TXCharUART                  
0000d64a  __TI_ISR_TRAP               
0000d652  DefinirModeRobot            
0000d658  DefinirReceptionUART        
0000d65e  ObtenirEtatCommunicationUART
0000d664  ObtenirEtatRobot            
0000d66a  ObtenirFrequenceCliLED      
0000d670  ObtenirModeRobot            
0000d676  ObtenirReceptionUART        
0000d67c  __mspabi_fltud              
0000d682  C$$EXIT                     
0000d682  abort                       
0000d688  __TI_decompress_rle24       
0000d68e  _system_pre_init            
0000d692  CorrigerErreurRoues         
0000d694  _nop                        
0000d696  _system_post_cinit          
0000daae  __TI_Handler_Table_Base     
0000dab2  __TI_CINIT_Base             
0000dab2  __TI_Handler_Table_Limit    
0000daba  __TI_CINIT_Limit            
0000ffe0  __TI_int00                  
0000ffe4  __TI_int02                  
0000ffe6  __TI_int03                  
0000ffea  __TI_int05                  
0000ffec  __TI_int06                  
0000ffee  __TI_int07                  
0000fff0  __TI_int08                  
0000fff2  __TI_int09                  
0000fff4  __TI_int10                  
0000fff6  __TI_int11                  
0000fff8  __TI_int12                  
0000fffa  __TI_int13                  
0000fffc  __TI_int14                  
0000fffe  _reset_vector               
ffffffff  __TI_pprof_out_hndl         
ffffffff  __TI_prof_data_size         
ffffffff  __TI_prof_data_start        
ffffffff  __c_args__                  
UNDEFED   __TI_BINIT_Base             
UNDEFED   __TI_BINIT_Limit            
UNDEFED   __TI_INITARRAY_Base         
UNDEFED   __TI_INITARRAY_Limit        

[309 symbols]
