******************************************************************************
                  MSP430 Linker PC v15.12.3                    
******************************************************************************
>> Linked Sun Mar 19 14:36:24 2017

OUTPUT FILE NAME:   <Master.out>
ENTRY POINT SYMBOL: "_c_int00_noargs_noexit"  address: 0000defc


MEMORY CONFIGURATION

         name            origin    length      used     unused   attr    fill
----------------------  --------  ---------  --------  --------  ----  --------
  SFR                   00000000   00000010  00000000  00000010  RWIX
  PERIPHERALS_8BIT      00000010   000000f0  00000000  000000f0  RWIX
  PERIPHERALS_16BIT     00000100   00000100  00000000  00000100  RWIX
  RAM                   00000200   00000200  00000064  0000019c  RWIX
  INFOD                 00001000   00000040  00000000  00000040  RWIX
  INFOC                 00001040   00000040  00000000  00000040  RWIX
  INFOB                 00001080   00000040  00000000  00000040  RWIX
  INFOA                 000010c0   00000040  00000000  00000040  RWIX
  FLASH                 0000c000   00003fde  00002460  00001b7e  RWIX
  BSLSIGNATURE          0000ffde   00000002  00000002  00000000  RWIX  ffff 
  INT00                 0000ffe0   00000002  00000002  00000000  RWIX
  INT01                 0000ffe2   00000002  00000000  00000002  RWIX
  INT02                 0000ffe4   00000002  00000002  00000000  RWIX
  INT03                 0000ffe6   00000002  00000002  00000000  RWIX
  INT04                 0000ffe8   00000002  00000000  00000002  RWIX
  INT05                 0000ffea   00000002  00000002  00000000  RWIX
  INT06                 0000ffec   00000002  00000002  00000000  RWIX
  INT07                 0000ffee   00000002  00000002  00000000  RWIX
  INT08                 0000fff0   00000002  00000002  00000000  RWIX
  INT09                 0000fff2   00000002  00000002  00000000  RWIX
  INT10                 0000fff4   00000002  00000002  00000000  RWIX
  INT11                 0000fff6   00000002  00000002  00000000  RWIX
  INT12                 0000fff8   00000002  00000002  00000000  RWIX
  INT13                 0000fffa   00000002  00000002  00000000  RWIX
  INT14                 0000fffc   00000002  00000002  00000000  RWIX
  RESET                 0000fffe   00000002  00000002  00000000  RWIX


SECTION ALLOCATION MAP

 output                                  attributes/
section   page    origin      length       input sections
--------  ----  ----------  ----------   ----------------
.data      0    00000200    00000014     UNINITIALIZED
                  00000200    00000006     ISR.obj (.data)
                  00000206    00000004     Robot.obj (.data)
                  0000020a    00000004     rts430_eabi.lib : rand.obj (.data)
                  0000020e    00000002     UART.obj (.data)
                  00000210    00000002     rts430_eabi.lib : _lock.obj (.data:_lock)
                  00000212    00000002                     : _lock.obj (.data:_unlock)

.stack     0    000003b0    00000050     UNINITIALIZED
                  000003b0    00000002     rts430_eabi.lib : boot.obj (.stack)
                  000003b2    0000004e     --HOLE--

.text      0    0000c000    00002044     
                  0000c000    0000048e     rts430_eabi.lib : frcdivd.obj (.text:__TI_frcdivd)
                  0000c48e    000002f4                     : frcmpyd.obj (.text:__TI_frcmpyd)
                  0000c782    000002e8                     : addd.obj (.text:__mspabi_addd)
                  0000ca6a    0000026e                     : mpyd.obj (.text:__mspabi_mpyd)
                  0000ccd8    00000260                     : frcaddd.obj (.text:__TI_frcaddd)
                  0000cf38    00000238                     : divd.obj (.text:__mspabi_divd)
                  0000d170    000001be     ISR.obj (.text:USCI0RX_ISR)
                  0000d32e    0000015a     main.obj (.text:main)
                  0000d488    000000be     rts430_eabi.lib : renormd.obj (.text:__TI_renormd)
                  0000d546    000000ac                     : fltlid.obj (.text:__mspabi_fltlid)
                  0000d5f2    0000008a                     : fltuld.obj (.text:__mspabi_fltuld)
                  0000d67c    00000074                     : fixdul.obj (.text:__mspabi_fixdul)
                  0000d6f0    00000072                     : fixdli.obj (.text:__mspabi_fixdli)
                  0000d762    0000006e                     : autoinit.obj (.text:_auto_init)
                  0000d7d0    00000064                     : copy_decompress_rle.obj (.text:__TI_decompress_rle_core)
                  0000d834    00000062     main.obj (.text:GenererNombre)
                  0000d896    00000062     GPIO.obj (.text:InitGPIO)
                  0000d8f8    00000062     SPI.obj (.text:TXSPI)
                  0000d95a    0000005c     Robot.obj (.text:Avancer)
                  0000d9b6    0000005c     rts430_eabi.lib : lsr32.obj (.text:l_lsr_const)
                  0000da12    0000005a                     : cpy_tbl.obj (.text:copy_in)
                  0000da6c    00000056     Robot.obj (.text:Stop)
                  0000dac2    0000004e     ISR.obj (.text:Timer0Interrupt)
                  0000db10    0000004c     rts430_eabi.lib : lsr16.obj (.text)
                  0000db5c    00000040     Timer.obj (.text:DefinirFrequenceCliLED)
                  0000db9c    00000040     Timer.obj (.text:DefinirVitesseRoues)
                  0000dbdc    0000003e     Robot.obj (.text:TournerDroite)
                  0000dc1a    0000003e     rts430_eabi.lib : asr32.obj (.text:l_asr_const)
                  0000dc58    0000003e                     : lsl32.obj (.text:l_lsl_const)
                  0000dc96    0000003c     Timer.obj (.text:InitPWM)
                  0000dcd2    0000003a     Robot.obj (.text:Reculer)
                  0000dd0c    0000003a     Robot.obj (.text:TournerGauche)
                  0000dd46    00000038     rts430_eabi.lib : rand.obj (.text:rand)
                  0000dd7e    00000030     UART.obj (.text:TXUART)
                  0000ddae    0000002c     UART.obj (.text:InitUART)
                  0000ddda    0000002c     rts430_eabi.lib : asr16.obj (.text)
                  0000de06    0000002c                     : lsl16.obj (.text)
                  0000de32    00000028                     : fixdi.obj (.text:__mspabi_fixdi)
                  0000de5a    00000026                     : mult32.obj (.text)
                  0000de80    00000024     ADC.obj (.text:ObtenirResultatConversionADC)
                  0000dea4    00000020     SPI.obj (.text:InitSPI)
                  0000dec4    0000001e     Timer.obj (.text:IncrementerVitesseRoues)
                  0000dee2    0000001a     ADC.obj (.text:InitADC)
                  0000defc    0000001a     rts430_eabi.lib : boot_special.obj (.text:_c_int00_noargs_noexit)
                  0000df16    00000016                     : div16u.obj (.text)
                  0000df2c    00000014                     : mult16.obj (.text)
                  0000df40    00000012                     : fixdu.obj (.text:__mspabi_fixdu)
                  0000df52    00000012                     : copy_decompress_none.obj (.text:decompress:none:__TI_decompress_none)
                  0000df64    00000012                     : lsr32.obj (.text:l_lsr)
                  0000df76    00000012                     : memcpy.obj (.text:memcpy)
                  0000df88    00000010     GPIO.obj (.text:ActiverGPIOPort1)
                  0000df98    00000010     GPIO.obj (.text:ActiverGPIOPort2)
                  0000dfa8    00000010     GPIO.obj (.text:ObtenirEtatGPIOPort1)
                  0000dfb8    00000010     rts430_eabi.lib : asr32.obj (.text:l_asr)
                  0000dfc8    00000010                     : lsl32.obj (.text:l_lsl)
                  0000dfd8    00000010                     : epilog.obj (.text)
                  0000dfe8    0000000c                     : fltid.obj (.text:__mspabi_fltid)
                  0000dff4    0000000a     Robot.obj (.text:ArretUrgence)
                  0000dffe    00000008     rts430_eabi.lib : isr_trap.obj (.text:_isr:__TI_ISR_TRAP)
                  0000e006    00000006     Robot.obj (.text:DefinirModeRobot)
                  0000e00c    00000006     UART.obj (.text:DefinirReception)
                  0000e012    00000006     Robot.obj (.text:ObtenirEtatRobot)
                  0000e018    00000006     Robot.obj (.text:ObtenirModeRobot)
                  0000e01e    00000006     UART.obj (.text:ObtenirReception)
                  0000e024    00000006     ISR.obj (.text:Timer1Interrupt)
                  0000e02a    00000006     rts430_eabi.lib : fltud.obj (.text:__mspabi_fltud)
                  0000e030    00000006                     : exit.obj (.text:abort)
                  0000e036    00000006                     : copy_decompress_rle.obj (.text:decompress:rle24:__TI_decompress_rle24)
                  0000e03c    00000004                     : pre_init.obj (.text:_system_pre_init)
                  0000e040    00000002                     : _lock.obj (.text:_nop)
                  0000e042    00000002                     : startup.obj (.text:_system_post_cinit)

.binit     0    0000c000    00000000     

.const     0    0000e044    00000400     
                  0000e044    000002a0     ISR.obj (.const:.string)
                  0000e2e4    000000e8     main.obj (.const:.string)
                  0000e3cc    00000068     Robot.obj (.const:.string)
                  0000e434    00000004     ADC.obj (.const:.string)
                  0000e438    00000004     GPIO.obj (.const:.string)
                  0000e43c    00000004     SPI.obj (.const:.string)
                  0000e440    00000004     Timer.obj (.const:.string)

.cinit     0    0000e444    0000001c     
                  0000e444    00000014     (.cinit..data.load) [load image, compression = rle]
                  0000e458    00000004     (__TI_handler_table)
                  0000e45c    00000004     (__TI_cinit_table)

.init_array 
*          0    0000c000    00000000     UNINITIALIZED

TRAPINT    0    0000ffe0    00000002     
                  0000ffe0    00000002     rts430_eabi.lib : int00.obj (.int00)

PORT1      0    0000ffe4    00000002     
                  0000ffe4    00000002     rts430_eabi.lib : int02.obj (.int02)

PORT2      0    0000ffe6    00000002     
                  0000ffe6    00000002     rts430_eabi.lib : int03.obj (.int03)

$fill000   0    0000ffde    00000002     
                  0000ffde    00000002     --HOLE-- [fill = ffff]

ADC10      0    0000ffea    00000002     
                  0000ffea    00000002     rts430_eabi.lib : int05.obj (.int05)

USCIAB0TX 
*          0    0000ffec    00000002     
                  0000ffec    00000002     rts430_eabi.lib : int06.obj (.int06)

USCIAB0RX 
*          0    0000ffee    00000002     
                  0000ffee    00000002     ISR.obj (.int07)

TIMER0_A1 
*          0    0000fff0    00000002     
                  0000fff0    00000002     ISR.obj (.int08)

TIMER0_A0 
*          0    0000fff2    00000002     
                  0000fff2    00000002     rts430_eabi.lib : int09.obj (.int09)

WDT        0    0000fff4    00000002     
                  0000fff4    00000002     rts430_eabi.lib : int10.obj (.int10)

COMPARATORA 
*          0    0000fff6    00000002     
                  0000fff6    00000002     rts430_eabi.lib : int11.obj (.int11)

TIMER1_A1 
*          0    0000fff8    00000002     
                  0000fff8    00000002     ISR.obj (.int12)

TIMER1_A0 
*          0    0000fffa    00000002     
                  0000fffa    00000002     rts430_eabi.lib : int13.obj (.int13)

NMI        0    0000fffc    00000002     
                  0000fffc    00000002     rts430_eabi.lib : int14.obj (.int14)

.reset     0    0000fffe    00000002     
                  0000fffe    00000002     rts430_eabi.lib : boot.obj (.reset)

MODULE SUMMARY

       Module                     code   ro data   rw data
       ------                     ----   -------   -------
    .\
       ISR.obj                    530    678       6      
       main.obj                   444    232       0      
       Robot.obj                  384    104       4      
       Timer.obj                  218    4         0      
       GPIO.obj                   146    4         0      
       SPI.obj                    130    4         0      
       UART.obj                   104    0         2      
       ADC.obj                    62     4         0      
    +--+--------------------------+------+---------+---------+
       Total:                     2018   1030      12     
                                                          
    C:\ti\ccsv6\tools\compiler\msp430_15.12.3.LTS\lib\rts430_eabi.lib
       frcdivd.obj                1166   0         0      
       frcmpyd.obj                756    0         0      
       addd.obj                   744    0         0      
       mpyd.obj                   622    0         0      
       frcaddd.obj                608    0         0      
       divd.obj                   568    0         0      
       renormd.obj                190    0         0      
       fltlid.obj                 172    0         0      
       fltuld.obj                 138    0         0      
       fixdul.obj                 116    0         0      
       fixdli.obj                 114    0         0      
       autoinit.obj               110    0         0      
       lsr32.obj                  110    0         0      
       copy_decompress_rle.obj    106    0         0      
       cpy_tbl.obj                90     0         0      
       asr32.obj                  78     0         0      
       lsl32.obj                  78     0         0      
       lsr16.obj                  76     0         0      
       rand.obj                   56     0         4      
       asr16.obj                  44     0         0      
       lsl16.obj                  44     0         0      
       fixdi.obj                  40     0         0      
       mult32.obj                 38     0         0      
       boot_special.obj           26     0         0      
       div16u.obj                 22     0         0      
       mult16.obj                 20     0         0      
       copy_decompress_none.obj   18     0         0      
       fixdu.obj                  18     0         0      
       memcpy.obj                 18     0         0      
       epilog.obj                 16     0         0      
       fltid.obj                  12     0         0      
       isr_trap.obj               8      0         0      
       _lock.obj                  2      0         4      
       exit.obj                   6      0         0      
       fltud.obj                  6      0         0      
       pre_init.obj               4      0         0      
       boot.obj                   0      2         0      
       int00.obj                  0      2         0      
       int02.obj                  0      2         0      
       int03.obj                  0      2         0      
       int05.obj                  0      2         0      
       int06.obj                  0      2         0      
       int09.obj                  0      2         0      
       int10.obj                  0      2         0      
       int11.obj                  0      2         0      
       int13.obj                  0      2         0      
       int14.obj                  0      2         0      
       startup.obj                2      0         0      
    +--+--------------------------+------+---------+---------+
       Total:                     6242   22        8      
                                                          
       Stack:                     0      0         80     
       Linker Generated:          0      28        0      
    +--+--------------------------+------+---------+---------+
       Grand Total:               8260   1080      100    


LINKER GENERATED COPY TABLES

__TI_cinit_table @ 0000e45c records: 1, size/record: 4, table size: 4
	.data: load addr=0000e444, load size=00000014 bytes, run addr=00000200, run size=00000014 bytes, compression=rle


LINKER GENERATED HANDLER TABLE

__TI_handler_table @ 0000e458 records: 2, size/record: 2, table size: 4
	index: 0, handler: __TI_decompress_rle24
	index: 1, handler: __TI_decompress_none


GLOBAL SYMBOLS: SORTED ALPHABETICALLY BY Name 

address   name                        
-------   ----                        
0000004a  ADC10AE0                    
000001b0  ADC10CTL0                   
000001b2  ADC10CTL1                   
00000048  ADC10DTC0                   
00000049  ADC10DTC1                   
000001b4  ADC10MEM                    
000001bc  ADC10SA                     
0000df88  ActiverGPIOPort1            
0000df98  ActiverGPIOPort2            
0000dff4  ArretUrgence                
0000d95a  Avancer                     
00000057  BCSCTL1                     
00000058  BCSCTL2                     
00000053  BCSCTL3                     
0000e030  C$$EXIT                     
00000059  CACTL1                      
0000005a  CACTL2                      
000010fb  CALBC1_12MHZ                
000010f9  CALBC1_16MHZ                
000010ff  CALBC1_1MHZ                 
000010fd  CALBC1_8MHZ                 
000010fa  CALDCO_12MHZ                
000010f8  CALDCO_16MHZ                
000010fe  CALDCO_1MHZ                 
000010fc  CALDCO_8MHZ                 
0000005b  CAPD                        
00000056  DCOCTL                      
0000db5c  DefinirFrequenceCliLED      
0000e006  DefinirModeRobot            
0000e00c  DefinirReception            
0000db9c  DefinirVitesseRoues         
00000128  FCTL1                       
0000012a  FCTL2                       
0000012c  FCTL3                       
0000d834  GenererNombre               
00000000  IE1                         
00000001  IE2                         
00000002  IFG1                        
00000003  IFG2                        
0000dec4  IncrementerVitesseRoues     
0000dee2  InitADC                     
0000d896  InitGPIO                    
0000dc96  InitPWM                     
0000dea4  InitSPI                     
0000ddae  InitUART                    
0000dfa8  ObtenirEtatGPIOPort1        
0000e012  ObtenirEtatRobot            
0000e018  ObtenirModeRobot            
0000e01e  ObtenirReception            
0000de80  ObtenirResultatConversionADC
00000022  P1DIR                       
00000025  P1IE                        
00000024  P1IES                       
00000023  P1IFG                       
00000020  P1IN                        
00000021  P1OUT                       
00000027  P1REN                       
00000026  P1SEL                       
00000041  P1SEL2                      
0000002a  P2DIR                       
0000002d  P2IE                        
0000002c  P2IES                       
0000002b  P2IFG                       
00000028  P2IN                        
00000029  P2OUT                       
0000002f  P2REN                       
0000002e  P2SEL                       
00000042  P2SEL2                      
0000001a  P3DIR                       
00000018  P3IN                        
00000019  P3OUT                       
00000010  P3REN                       
0000001b  P3SEL                       
00000043  P3SEL2                      
0000dcd2  Reculer                     
0000da6c  Stop                        
00000172  TA0CCR0                     
00000174  TA0CCR1                     
00000176  TA0CCR2                     
00000162  TA0CCTL0                    
00000164  TA0CCTL1                    
00000166  TA0CCTL2                    
00000160  TA0CTL                      
0000012e  TA0IV                       
00000170  TA0R                        
00000192  TA1CCR0                     
00000194  TA1CCR1                     
00000196  TA1CCR2                     
00000182  TA1CCTL0                    
00000184  TA1CCTL1                    
00000186  TA1CCTL2                    
00000180  TA1CTL                      
0000011e  TA1IV                       
00000190  TA1R                        
000010db  TLV_ADC10_1_LEN             
000010da  TLV_ADC10_1_TAG             
000010c0  TLV_CHECKSUM                
000010f7  TLV_DCO_30_LEN              
000010f6  TLV_DCO_30_TAG              
0000d8f8  TXSPI                       
0000dd7e  TXUART                      
0000dac2  Timer0Interrupt             
0000e024  Timer1Interrupt             
0000dbdc  TournerDroite               
0000dd0c  TournerGauche               
0000005d  UCA0ABCTL                   
00000062  UCA0BR0                     
00000063  UCA0BR1                     
00000060  UCA0CTL0                    
00000061  UCA0CTL1                    
0000005f  UCA0IRRCTL                  
0000005e  UCA0IRTCTL                  
00000064  UCA0MCTL                    
00000066  UCA0RXBUF                   
00000065  UCA0STAT                    
00000067  UCA0TXBUF                   
0000006a  UCB0BR0                     
0000006b  UCB0BR1                     
00000068  UCB0CTL0                    
00000069  UCB0CTL1                    
0000006c  UCB0I2CIE                   
00000118  UCB0I2COA                   
0000011a  UCB0I2CSA                   
0000006e  UCB0RXBUF                   
0000006d  UCB0STAT                    
0000006f  UCB0TXBUF                   
0000d170  USCI0RX_ISR                 
00000120  WDTCTL                      
00000400  __STACK_END                 
00000050  __STACK_SIZE                
UNDEFED   __TI_BINIT_Base             
UNDEFED   __TI_BINIT_Limit            
0000e45c  __TI_CINIT_Base             
0000e460  __TI_CINIT_Limit            
0000e458  __TI_Handler_Table_Base     
0000e45c  __TI_Handler_Table_Limit    
UNDEFED   __TI_INITARRAY_Base         
UNDEFED   __TI_INITARRAY_Limit        
0000dffe  __TI_ISR_TRAP               
0000df52  __TI_decompress_none        
0000e036  __TI_decompress_rle24       
0000ccd8  __TI_frcaddd                
0000c000  __TI_frcdivd                
0000c48e  __TI_frcmpyd                
0000ffe0  __TI_int00                  
0000ffe4  __TI_int02                  
0000ffe6  __TI_int03                  
0000ffea  __TI_int05                  
0000ffec  __TI_int06                  
0000ffee  __TI_int07                  
0000fff0  __TI_int08                  
0000fff2  __TI_int09                  
0000fff4  __TI_int10                  
0000fff6  __TI_int11                  
0000fff8  __TI_int12                  
0000fffa  __TI_int13                  
0000fffc  __TI_int14                  
ffffffff  __TI_pprof_out_hndl         
ffffffff  __TI_prof_data_size         
ffffffff  __TI_prof_data_start        
0000d488  __TI_renormd                
ffffffff  __c_args__                  
0000c782  __mspabi_addd               
0000cf38  __mspabi_divd               
0000df16  __mspabi_divu               
0000de32  __mspabi_fixdi              
0000d6f0  __mspabi_fixdli             
0000df40  __mspabi_fixdu              
0000d67c  __mspabi_fixdul             
0000dfe8  __mspabi_fltid              
0000d546  __mspabi_fltlid             
0000e02a  __mspabi_fltud              
0000d5f2  __mspabi_fltuld             
0000dfe4  __mspabi_func_epilog_1      
0000dfe2  __mspabi_func_epilog_2      
0000dfe0  __mspabi_func_epilog_3      
0000dfde  __mspabi_func_epilog_4      
0000dfdc  __mspabi_func_epilog_5      
0000dfda  __mspabi_func_epilog_6      
0000dfd8  __mspabi_func_epilog_7      
0000ca6a  __mspabi_mpyd               
0000df2c  __mspabi_mpyi               
0000df2c  __mspabi_mpyi_sw            
0000de5a  __mspabi_mpyl               
0000de5a  __mspabi_mpyl_sw            
0000df16  __mspabi_remu               
0000de06  __mspabi_slli               
0000de2e  __mspabi_slli_1             
0000de1c  __mspabi_slli_10            
0000de1a  __mspabi_slli_11            
0000de18  __mspabi_slli_12            
0000de16  __mspabi_slli_13            
0000de14  __mspabi_slli_14            
0000de12  __mspabi_slli_15            
0000de2c  __mspabi_slli_2             
0000de2a  __mspabi_slli_3             
0000de28  __mspabi_slli_4             
0000de26  __mspabi_slli_5             
0000de24  __mspabi_slli_6             
0000de22  __mspabi_slli_7             
0000de20  __mspabi_slli_8             
0000de1e  __mspabi_slli_9             
0000dfc8  __mspabi_slll               
0000dc90  __mspabi_slll_1             
0000dc6c  __mspabi_slll_10            
0000dc68  __mspabi_slll_11            
0000dc64  __mspabi_slll_12            
0000dc60  __mspabi_slll_13            
0000dc5c  __mspabi_slll_14            
0000dc58  __mspabi_slll_15            
0000dc8c  __mspabi_slll_2             
0000dc88  __mspabi_slll_3             
0000dc84  __mspabi_slll_4             
0000dc80  __mspabi_slll_5             
0000dc7c  __mspabi_slll_6             
0000dc78  __mspabi_slll_7             
0000dc74  __mspabi_slll_8             
0000dc70  __mspabi_slll_9             
0000ddda  __mspabi_srai               
0000de02  __mspabi_srai_1             
0000ddf0  __mspabi_srai_10            
0000ddee  __mspabi_srai_11            
0000ddec  __mspabi_srai_12            
0000ddea  __mspabi_srai_13            
0000dde8  __mspabi_srai_14            
0000dde6  __mspabi_srai_15            
0000de00  __mspabi_srai_2             
0000ddfe  __mspabi_srai_3             
0000ddfc  __mspabi_srai_4             
0000ddfa  __mspabi_srai_5             
0000ddf8  __mspabi_srai_6             
0000ddf6  __mspabi_srai_7             
0000ddf4  __mspabi_srai_8             
0000ddf2  __mspabi_srai_9             
0000dfb8  __mspabi_sral               
0000dc52  __mspabi_sral_1             
0000dc2e  __mspabi_sral_10            
0000dc2a  __mspabi_sral_11            
0000dc26  __mspabi_sral_12            
0000dc22  __mspabi_sral_13            
0000dc1e  __mspabi_sral_14            
0000dc1a  __mspabi_sral_15            
0000dc4e  __mspabi_sral_2             
0000dc4a  __mspabi_sral_3             
0000dc46  __mspabi_sral_4             
0000dc42  __mspabi_sral_5             
0000dc3e  __mspabi_sral_6             
0000dc3a  __mspabi_sral_7             
0000dc36  __mspabi_sral_8             
0000dc32  __mspabi_sral_9             
0000db10  __mspabi_srli               
0000db56  __mspabi_srli_1             
0000db32  __mspabi_srli_10            
0000db2e  __mspabi_srli_11            
0000db2a  __mspabi_srli_12            
0000db26  __mspabi_srli_13            
0000db22  __mspabi_srli_14            
0000db1e  __mspabi_srli_15            
0000db52  __mspabi_srli_2             
0000db4e  __mspabi_srli_3             
0000db4a  __mspabi_srli_4             
0000db46  __mspabi_srli_5             
0000db42  __mspabi_srli_6             
0000db3e  __mspabi_srli_7             
0000db3a  __mspabi_srli_8             
0000db36  __mspabi_srli_9             
0000df64  __mspabi_srll               
0000da0a  __mspabi_srll_1             
0000d9d4  __mspabi_srll_10            
0000d9ce  __mspabi_srll_11            
0000d9c8  __mspabi_srll_12            
0000d9c2  __mspabi_srll_13            
0000d9bc  __mspabi_srll_14            
0000d9b6  __mspabi_srll_15            
0000da04  __mspabi_srll_2             
0000d9fe  __mspabi_srll_3             
0000d9f8  __mspabi_srll_4             
0000d9f2  __mspabi_srll_5             
0000d9ec  __mspabi_srll_6             
0000d9e6  __mspabi_srll_7             
0000d9e0  __mspabi_srll_8             
0000d9da  __mspabi_srll_9             
0000d762  _auto_init                  
0000defc  _c_int00_noargs_noexit      
00000210  _lock                       
0000e040  _nop                        
0000fffe  _reset_vector               
000003b0  _stack                      
0000e042  _system_post_cinit          
0000e03c  _system_pre_init            
00000212  _unlock                     
0000e030  abort                       
0000da12  copy_in                     
00000206  etatRobot                   
00000200  frequence                   
0000d32e  main                        
0000df76  memcpy                      
00000202  menu                        
00000208  messageEnvoye               
00000207  modeRobot                   
00000204  nbIncrementRoueA            
00000205  nbIncrementRoueB            
0000dd46  rand                        
0000020e  reception                   


GLOBAL SYMBOLS: SORTED BY Symbol Address 

address   name                        
-------   ----                        
00000000  IE1                         
00000001  IE2                         
00000002  IFG1                        
00000003  IFG2                        
00000010  P3REN                       
00000018  P3IN                        
00000019  P3OUT                       
0000001a  P3DIR                       
0000001b  P3SEL                       
00000020  P1IN                        
00000021  P1OUT                       
00000022  P1DIR                       
00000023  P1IFG                       
00000024  P1IES                       
00000025  P1IE                        
00000026  P1SEL                       
00000027  P1REN                       
00000028  P2IN                        
00000029  P2OUT                       
0000002a  P2DIR                       
0000002b  P2IFG                       
0000002c  P2IES                       
0000002d  P2IE                        
0000002e  P2SEL                       
0000002f  P2REN                       
00000041  P1SEL2                      
00000042  P2SEL2                      
00000043  P3SEL2                      
00000048  ADC10DTC0                   
00000049  ADC10DTC1                   
0000004a  ADC10AE0                    
00000050  __STACK_SIZE                
00000053  BCSCTL3                     
00000056  DCOCTL                      
00000057  BCSCTL1                     
00000058  BCSCTL2                     
00000059  CACTL1                      
0000005a  CACTL2                      
0000005b  CAPD                        
0000005d  UCA0ABCTL                   
0000005e  UCA0IRTCTL                  
0000005f  UCA0IRRCTL                  
00000060  UCA0CTL0                    
00000061  UCA0CTL1                    
00000062  UCA0BR0                     
00000063  UCA0BR1                     
00000064  UCA0MCTL                    
00000065  UCA0STAT                    
00000066  UCA0RXBUF                   
00000067  UCA0TXBUF                   
00000068  UCB0CTL0                    
00000069  UCB0CTL1                    
0000006a  UCB0BR0                     
0000006b  UCB0BR1                     
0000006c  UCB0I2CIE                   
0000006d  UCB0STAT                    
0000006e  UCB0RXBUF                   
0000006f  UCB0TXBUF                   
00000118  UCB0I2COA                   
0000011a  UCB0I2CSA                   
0000011e  TA1IV                       
00000120  WDTCTL                      
00000128  FCTL1                       
0000012a  FCTL2                       
0000012c  FCTL3                       
0000012e  TA0IV                       
00000160  TA0CTL                      
00000162  TA0CCTL0                    
00000164  TA0CCTL1                    
00000166  TA0CCTL2                    
00000170  TA0R                        
00000172  TA0CCR0                     
00000174  TA0CCR1                     
00000176  TA0CCR2                     
00000180  TA1CTL                      
00000182  TA1CCTL0                    
00000184  TA1CCTL1                    
00000186  TA1CCTL2                    
00000190  TA1R                        
00000192  TA1CCR0                     
00000194  TA1CCR1                     
00000196  TA1CCR2                     
000001b0  ADC10CTL0                   
000001b2  ADC10CTL1                   
000001b4  ADC10MEM                    
000001bc  ADC10SA                     
00000200  frequence                   
00000202  menu                        
00000204  nbIncrementRoueA            
00000205  nbIncrementRoueB            
00000206  etatRobot                   
00000207  modeRobot                   
00000208  messageEnvoye               
0000020e  reception                   
00000210  _lock                       
00000212  _unlock                     
000003b0  _stack                      
00000400  __STACK_END                 
000010c0  TLV_CHECKSUM                
000010da  TLV_ADC10_1_TAG             
000010db  TLV_ADC10_1_LEN             
000010f6  TLV_DCO_30_TAG              
000010f7  TLV_DCO_30_LEN              
000010f8  CALDCO_16MHZ                
000010f9  CALBC1_16MHZ                
000010fa  CALDCO_12MHZ                
000010fb  CALBC1_12MHZ                
000010fc  CALDCO_8MHZ                 
000010fd  CALBC1_8MHZ                 
000010fe  CALDCO_1MHZ                 
000010ff  CALBC1_1MHZ                 
0000c000  __TI_frcdivd                
0000c48e  __TI_frcmpyd                
0000c782  __mspabi_addd               
0000ca6a  __mspabi_mpyd               
0000ccd8  __TI_frcaddd                
0000cf38  __mspabi_divd               
0000d170  USCI0RX_ISR                 
0000d32e  main                        
0000d488  __TI_renormd                
0000d546  __mspabi_fltlid             
0000d5f2  __mspabi_fltuld             
0000d67c  __mspabi_fixdul             
0000d6f0  __mspabi_fixdli             
0000d762  _auto_init                  
0000d834  GenererNombre               
0000d896  InitGPIO                    
0000d8f8  TXSPI                       
0000d95a  Avancer                     
0000d9b6  __mspabi_srll_15            
0000d9bc  __mspabi_srll_14            
0000d9c2  __mspabi_srll_13            
0000d9c8  __mspabi_srll_12            
0000d9ce  __mspabi_srll_11            
0000d9d4  __mspabi_srll_10            
0000d9da  __mspabi_srll_9             
0000d9e0  __mspabi_srll_8             
0000d9e6  __mspabi_srll_7             
0000d9ec  __mspabi_srll_6             
0000d9f2  __mspabi_srll_5             
0000d9f8  __mspabi_srll_4             
0000d9fe  __mspabi_srll_3             
0000da04  __mspabi_srll_2             
0000da0a  __mspabi_srll_1             
0000da12  copy_in                     
0000da6c  Stop                        
0000dac2  Timer0Interrupt             
0000db10  __mspabi_srli               
0000db1e  __mspabi_srli_15            
0000db22  __mspabi_srli_14            
0000db26  __mspabi_srli_13            
0000db2a  __mspabi_srli_12            
0000db2e  __mspabi_srli_11            
0000db32  __mspabi_srli_10            
0000db36  __mspabi_srli_9             
0000db3a  __mspabi_srli_8             
0000db3e  __mspabi_srli_7             
0000db42  __mspabi_srli_6             
0000db46  __mspabi_srli_5             
0000db4a  __mspabi_srli_4             
0000db4e  __mspabi_srli_3             
0000db52  __mspabi_srli_2             
0000db56  __mspabi_srli_1             
0000db5c  DefinirFrequenceCliLED      
0000db9c  DefinirVitesseRoues         
0000dbdc  TournerDroite               
0000dc1a  __mspabi_sral_15            
0000dc1e  __mspabi_sral_14            
0000dc22  __mspabi_sral_13            
0000dc26  __mspabi_sral_12            
0000dc2a  __mspabi_sral_11            
0000dc2e  __mspabi_sral_10            
0000dc32  __mspabi_sral_9             
0000dc36  __mspabi_sral_8             
0000dc3a  __mspabi_sral_7             
0000dc3e  __mspabi_sral_6             
0000dc42  __mspabi_sral_5             
0000dc46  __mspabi_sral_4             
0000dc4a  __mspabi_sral_3             
0000dc4e  __mspabi_sral_2             
0000dc52  __mspabi_sral_1             
0000dc58  __mspabi_slll_15            
0000dc5c  __mspabi_slll_14            
0000dc60  __mspabi_slll_13            
0000dc64  __mspabi_slll_12            
0000dc68  __mspabi_slll_11            
0000dc6c  __mspabi_slll_10            
0000dc70  __mspabi_slll_9             
0000dc74  __mspabi_slll_8             
0000dc78  __mspabi_slll_7             
0000dc7c  __mspabi_slll_6             
0000dc80  __mspabi_slll_5             
0000dc84  __mspabi_slll_4             
0000dc88  __mspabi_slll_3             
0000dc8c  __mspabi_slll_2             
0000dc90  __mspabi_slll_1             
0000dc96  InitPWM                     
0000dcd2  Reculer                     
0000dd0c  TournerGauche               
0000dd46  rand                        
0000dd7e  TXUART                      
0000ddae  InitUART                    
0000ddda  __mspabi_srai               
0000dde6  __mspabi_srai_15            
0000dde8  __mspabi_srai_14            
0000ddea  __mspabi_srai_13            
0000ddec  __mspabi_srai_12            
0000ddee  __mspabi_srai_11            
0000ddf0  __mspabi_srai_10            
0000ddf2  __mspabi_srai_9             
0000ddf4  __mspabi_srai_8             
0000ddf6  __mspabi_srai_7             
0000ddf8  __mspabi_srai_6             
0000ddfa  __mspabi_srai_5             
0000ddfc  __mspabi_srai_4             
0000ddfe  __mspabi_srai_3             
0000de00  __mspabi_srai_2             
0000de02  __mspabi_srai_1             
0000de06  __mspabi_slli               
0000de12  __mspabi_slli_15            
0000de14  __mspabi_slli_14            
0000de16  __mspabi_slli_13            
0000de18  __mspabi_slli_12            
0000de1a  __mspabi_slli_11            
0000de1c  __mspabi_slli_10            
0000de1e  __mspabi_slli_9             
0000de20  __mspabi_slli_8             
0000de22  __mspabi_slli_7             
0000de24  __mspabi_slli_6             
0000de26  __mspabi_slli_5             
0000de28  __mspabi_slli_4             
0000de2a  __mspabi_slli_3             
0000de2c  __mspabi_slli_2             
0000de2e  __mspabi_slli_1             
0000de32  __mspabi_fixdi              
0000de5a  __mspabi_mpyl               
0000de5a  __mspabi_mpyl_sw            
0000de80  ObtenirResultatConversionADC
0000dea4  InitSPI                     
0000dec4  IncrementerVitesseRoues     
0000dee2  InitADC                     
0000defc  _c_int00_noargs_noexit      
0000df16  __mspabi_divu               
0000df16  __mspabi_remu               
0000df2c  __mspabi_mpyi               
0000df2c  __mspabi_mpyi_sw            
0000df40  __mspabi_fixdu              
0000df52  __TI_decompress_none        
0000df64  __mspabi_srll               
0000df76  memcpy                      
0000df88  ActiverGPIOPort1            
0000df98  ActiverGPIOPort2            
0000dfa8  ObtenirEtatGPIOPort1        
0000dfb8  __mspabi_sral               
0000dfc8  __mspabi_slll               
0000dfd8  __mspabi_func_epilog_7      
0000dfda  __mspabi_func_epilog_6      
0000dfdc  __mspabi_func_epilog_5      
0000dfde  __mspabi_func_epilog_4      
0000dfe0  __mspabi_func_epilog_3      
0000dfe2  __mspabi_func_epilog_2      
0000dfe4  __mspabi_func_epilog_1      
0000dfe8  __mspabi_fltid              
0000dff4  ArretUrgence                
0000dffe  __TI_ISR_TRAP               
0000e006  DefinirModeRobot            
0000e00c  DefinirReception            
0000e012  ObtenirEtatRobot            
0000e018  ObtenirModeRobot            
0000e01e  ObtenirReception            
0000e024  Timer1Interrupt             
0000e02a  __mspabi_fltud              
0000e030  C$$EXIT                     
0000e030  abort                       
0000e036  __TI_decompress_rle24       
0000e03c  _system_pre_init            
0000e040  _nop                        
0000e042  _system_post_cinit          
0000e458  __TI_Handler_Table_Base     
0000e45c  __TI_CINIT_Base             
0000e45c  __TI_Handler_Table_Limit    
0000e460  __TI_CINIT_Limit            
0000ffe0  __TI_int00                  
0000ffe4  __TI_int02                  
0000ffe6  __TI_int03                  
0000ffea  __TI_int05                  
0000ffec  __TI_int06                  
0000ffee  __TI_int07                  
0000fff0  __TI_int08                  
0000fff2  __TI_int09                  
0000fff4  __TI_int10                  
0000fff6  __TI_int11                  
0000fff8  __TI_int12                  
0000fffa  __TI_int13                  
0000fffc  __TI_int14                  
0000fffe  _reset_vector               
ffffffff  __TI_pprof_out_hndl         
ffffffff  __TI_prof_data_size         
ffffffff  __TI_prof_data_start        
ffffffff  __c_args__                  
UNDEFED   __TI_BINIT_Base             
UNDEFED   __TI_BINIT_Limit            
UNDEFED   __TI_INITARRAY_Base         
UNDEFED   __TI_INITARRAY_Limit        

[304 symbols]
